{"time": "2026-05-15 08:46:59.543897", "level": "INFO", "message": "learner kaiwu_env start at pid 436", "file": "base_env.py", "line": "1135", "module": "learner", "process": "base_env", "function": "__init__", "stack": "", "pid": 436}
{"time": "2026-05-15 08:46:59.551143", "level": "INFO", "message": "learner isaac_env start at pid 436, env is <tools.base_env.base_env.Robot object at 0x7f36b627ed10>", "file": "isaac_env.py", "line": "91", "module": "learner", "process": "isaac_env", "function": "before_run", "stack": "", "pid": 436}
{"time": "2026-05-15 08:47:14.024208", "level": "INFO", "message": "learner SimulationApp started successfully (enable_cameras=True)", "file": "base_env.py", "line": "1227", "module": "learner", "process": "base_env", "function": "_launch_sim_app", "stack": "", "pid": 436}
{"time": "2026-05-15 08:47:14.333550", "level": "INFO", "message": "learner [terrain] Set terrain_type='generator', mode='track'", "file": "base_env.py", "line": "305", "module": "learner", "process": "base_env", "function": "_log", "stack": "", "pid": 436}
{"time": "2026-05-15 08:47:14.333885", "level": "INFO", "message": "learner [terrain] Switched reset_base to reset_root_state_track_start (track mode)", "file": "base_env.py", "line": "305", "module": "learner", "process": "base_env", "function": "_log", "stack": "", "pid": 436}
{"time": "2026-05-15 08:47:14.334043", "level": "INFO", "message": "learner [terrain] Eval mode: set terrain_generator.seed=0", "file": "base_env.py", "line": "305", "module": "learner", "process": "base_env", "function": "_log", "stack": "", "pid": 436}
{"time": "2026-05-15 08:47:14.334200", "level": "INFO", "message": "learner [seed] Eval mode: terrain_seed=0 (stable), env_cfg.seed=689538517 (from RANDOM_SEED, differs per round)", "file": "base_env.py", "line": "305", "module": "learner", "process": "base_env", "function": "_log", "stack": "", "pid": 436}
{"time": "2026-05-15 08:47:14.334343", "level": "INFO", "message": "learner [terrain] Set terrain_generator.difficulty_range=(0.0, 1.0)", "file": "base_env.py", "line": "305", "module": "learner", "process": "base_env", "function": "_log", "stack": "", "pid": 436}
{"time": "2026-05-15 08:47:14.334505", "level": "INFO", "message": "learner [terrain] Set terrain_generator.curriculum=False", "file": "base_env.py", "line": "305", "module": "learner", "process": "base_env", "function": "_log", "stack": "", "pid": 436}
{"time": "2026-05-15 08:47:14.334653", "level": "INFO", "message": "learner [terrain] Disabled curriculum.terrain_levels (curriculum=false)", "file": "base_env.py", "line": "305", "module": "learner", "process": "base_env", "function": "_log", "stack": "", "pid": 436}
{"time": "2026-05-15 08:47:14.334786", "level": "INFO", "message": "learner [terrain] Disabled curriculum.lin_vel_cmd_levels (curriculum=false)", "file": "base_env.py", "line": "305", "module": "learner", "process": "base_env", "function": "_log", "stack": "", "pid": 436}
{"time": "2026-05-15 08:47:14.334917", "level": "INFO", "message": "learner [terrain.track] Set track_length=1 (num_rows=1)", "file": "base_env.py", "line": "305", "module": "learner", "process": "base_env", "function": "_log", "stack": "", "pid": 436}
{"time": "2026-05-15 08:47:14.335041", "level": "INFO", "message": "learner [terrain.track] Set num_parallel_tracks=10 (num_cols=10)", "file": "base_env.py", "line": "305", "module": "learner", "process": "base_env", "function": "_log", "stack": "", "pid": 436}
{"time": "2026-05-15 08:47:14.335168", "level": "INFO", "message": "learner [terrain.track] Set sub_terrains_order=['open_entry_maze'] (from sub_terrains)", "file": "base_env.py", "line": "305", "module": "learner", "process": "base_env", "function": "_log", "stack": "", "pid": 436}
{"time": "2026-05-15 08:47:14.335335", "level": "INFO", "message": "learner [terrain] Eval level list: [0, 1, 2, 3]", "file": "base_env.py", "line": "305", "module": "learner", "process": "base_env", "function": "_log", "stack": "", "pid": 436}
{"time": "2026-05-15 08:47:14.335494", "level": "INFO", "message": "learner [terrain] Forced tg.curriculum=True so Isaac Lab uses curriculum terrain generation (fixed col→sub mapping); level placement stays deterministic via reset_root_state_eval_level_aware", "file": "base_env.py", "line": "305", "module": "learner", "process": "base_env", "function": "_log", "stack": "", "pid": 436}
{"time": "2026-05-15 08:47:14.335641", "level": "INFO", "message": "learner [terrain] Forced curriculum.terrain_levels=None (eval level list)", "file": "base_env.py", "line": "305", "module": "learner", "process": "base_env", "function": "_log", "stack": "", "pid": 436}
{"time": "2026-05-15 08:47:14.335762", "level": "INFO", "message": "learner [terrain] Switched reset_base to reset_root_state_eval_level_aware (eval level list)", "file": "base_env.py", "line": "305", "module": "learner", "process": "base_env", "function": "_log", "stack": "", "pid": 436}
{"time": "2026-05-15 08:47:14.335892", "level": "INFO", "message": "learner [init_state] Set robot init_state.pos=(0.0, 0.0, 0.35)", "file": "base_env.py", "line": "305", "module": "learner", "process": "base_env", "function": "_log", "stack": "", "pid": 436}
{"time": "2026-05-15 08:47:14.336011", "level": "INFO", "message": "learner [commands] Set resampling_time_range=(300.0, 300.0)", "file": "base_env.py", "line": "305", "module": "learner", "process": "base_env", "function": "_log", "stack": "", "pid": 436}
{"time": "2026-05-15 08:48:03.954661", "level": "WARNING", "message": "learner [eval term-debug] step=344 term='bad_orientation' fired on envs=[5]", "file": "base_env.py", "line": "2117", "module": "learner", "process": "base_env", "function": "step", "stack": "", "pid": 436}
{"time": "2026-05-15 08:48:03.955488", "level": "INFO", "message": "learner [eval single-life] 1 env(s) finished first episode (total done: 1/16)", "file": "base_env.py", "line": "2126", "module": "learner", "process": "base_env", "function": "step", "stack": "", "pid": 436}
{"time": "2026-05-15 08:48:14.415940", "level": "WARNING", "message": "learner [eval term-debug] step=425 term='bad_orientation' fired on envs=[2]", "file": "base_env.py", "line": "2117", "module": "learner", "process": "base_env", "function": "step", "stack": "", "pid": 436}
{"time": "2026-05-15 08:48:14.416453", "level": "INFO", "message": "learner [eval single-life] 1 env(s) finished first episode (total done: 2/16)", "file": "base_env.py", "line": "2126", "module": "learner", "process": "base_env", "function": "step", "stack": "", "pid": 436}
{"time": "2026-05-15 08:48:16.554486", "level": "WARNING", "message": "learner [eval term-debug] step=442 term='bad_orientation' fired on envs=[15]", "file": "base_env.py", "line": "2117", "module": "learner", "process": "base_env", "function": "step", "stack": "", "pid": 436}
{"time": "2026-05-15 08:48:16.555190", "level": "INFO", "message": "learner [eval single-life] 1 env(s) finished first episode (total done: 3/16)", "file": "base_env.py", "line": "2126", "module": "learner", "process": "base_env", "function": "step", "stack": "", "pid": 436}
{"time": "2026-05-15 08:48:19.087360", "level": "WARNING", "message": "learner [eval term-debug] step=462 term='bad_orientation' fired on envs=[14]", "file": "base_env.py", "line": "2117", "module": "learner", "process": "base_env", "function": "step", "stack": "", "pid": 436}
{"time": "2026-05-15 08:48:19.088266", "level": "INFO", "message": "learner [eval single-life] 1 env(s) finished first episode (total done: 4/16)", "file": "base_env.py", "line": "2126", "module": "learner", "process": "base_env", "function": "step", "stack": "", "pid": 436}
{"time": "2026-05-15 08:48:20.336854", "level": "INFO", "message": "learner EnvMonitor [静默][task=track]: completed=0, abnormal=4, timeout=0, total_score=0.0000, step_avg=417.0", "file": "monitor.py", "line": "182", "module": "learner", "process": "monitor", "function": "_handle_metrics", "stack": "", "pid": 436}
{"time": "2026-05-15 08:48:21.467145", "level": "WARNING", "message": "learner [eval term-debug] step=481 term='bad_orientation' fired on envs=[0]", "file": "base_env.py", "line": "2117", "module": "learner", "process": "base_env", "function": "step", "stack": "", "pid": 436}
{"time": "2026-05-15 08:48:21.467888", "level": "INFO", "message": "learner [eval single-life] 1 env(s) finished first episode (total done: 5/16)", "file": "base_env.py", "line": "2126", "module": "learner", "process": "base_env", "function": "step", "stack": "", "pid": 436}
{"time": "2026-05-15 08:48:25.672224", "level": "WARNING", "message": "learner [eval term-debug] step=515 term='bad_orientation' fired on envs=[7]", "file": "base_env.py", "line": "2117", "module": "learner", "process": "base_env", "function": "step", "stack": "", "pid": 436}
{"time": "2026-05-15 08:48:25.673052", "level": "INFO", "message": "learner [eval single-life] 1 env(s) finished first episode (total done: 6/16)", "file": "base_env.py", "line": "2126", "module": "learner", "process": "base_env", "function": "step", "stack": "", "pid": 436}
{"time": "2026-05-15 08:49:20.365464", "level": "INFO", "message": "learner EnvMonitor [静默][task=track]: completed=0, abnormal=2, timeout=0, total_score=0.0000, step_avg=497.0", "file": "monitor.py", "line": "182", "module": "learner", "process": "monitor", "function": "_handle_metrics", "stack": "", "pid": 436}
{"time": "2026-05-15 08:49:45.979200", "level": "WARNING", "message": "learner [eval term-debug] step=1333 term='bad_orientation' fired on envs=[1]", "file": "base_env.py", "line": "2117", "module": "learner", "process": "base_env", "function": "step", "stack": "", "pid": 436}
{"time": "2026-05-15 08:49:45.979752", "level": "INFO", "message": "learner [eval single-life] 1 env(s) finished first episode (total done: 7/16)", "file": "base_env.py", "line": "2126", "module": "learner", "process": "base_env", "function": "step", "stack": "", "pid": 436}
{"time": "2026-05-15 08:49:53.975472", "level": "WARNING", "message": "learner [eval term-debug] step=1429 term='bad_orientation' fired on envs=[13]", "file": "base_env.py", "line": "2117", "module": "learner", "process": "base_env", "function": "step", "stack": "", "pid": 436}
{"time": "2026-05-15 08:49:53.976029", "level": "INFO", "message": "learner [eval single-life] 1 env(s) finished first episode (total done: 8/16)", "file": "base_env.py", "line": "2126", "module": "learner", "process": "base_env", "function": "step", "stack": "", "pid": 436}
{"time": "2026-05-15 08:50:00.789274", "level": "WARNING", "message": "learner [eval term-debug] step=1514 term='bad_orientation' fired on envs=[6]", "file": "base_env.py", "line": "2117", "module": "learner", "process": "base_env", "function": "step", "stack": "", "pid": 436}
{"time": "2026-05-15 08:50:00.789803", "level": "INFO", "message": "learner [eval single-life] 1 env(s) finished first episode (total done: 9/16)", "file": "base_env.py", "line": "2126", "module": "learner", "process": "base_env", "function": "step", "stack": "", "pid": 436}
{"time": "2026-05-15 08:50:20.379094", "level": "INFO", "message": "learner EnvMonitor [静默][task=track]: completed=0, abnormal=3, timeout=0, total_score=0.0000, step_avg=1424.0", "file": "monitor.py", "line": "182", "module": "learner", "process": "monitor", "function": "_handle_metrics", "stack": "", "pid": 436}
{"time": "2026-05-15 08:51:20.487695", "level": "INFO", "message": "learner EnvMonitor [静默][task=track]: completed=0, abnormal=0, timeout=0, total_score=0.0000, step_avg=0.0", "file": "monitor.py", "line": "182", "module": "learner", "process": "monitor", "function": "_handle_metrics", "stack": "", "pid": 436}
{"time": "2026-05-15 08:52:12.107048", "level": "WARNING", "message": "learner [eval term-debug] step=2680 term='bad_orientation' fired on envs=[3]", "file": "base_env.py", "line": "2117", "module": "learner", "process": "base_env", "function": "step", "stack": "", "pid": 436}
{"time": "2026-05-15 08:52:12.108018", "level": "INFO", "message": "learner [eval single-life] 1 env(s) finished first episode (total done: 10/16)", "file": "base_env.py", "line": "2126", "module": "learner", "process": "base_env", "function": "step", "stack": "", "pid": 436}
{"time": "2026-05-15 08:52:20.633630", "level": "INFO", "message": "learner EnvMonitor [静默][task=track]: completed=0, abnormal=1, timeout=0, total_score=0.0000, step_avg=2679.0", "file": "monitor.py", "line": "182", "module": "learner", "process": "monitor", "function": "_handle_metrics", "stack": "", "pid": 436}
{"time": "2026-05-15 08:53:20.947692", "level": "INFO", "message": "learner EnvMonitor [静默][task=track]: completed=0, abnormal=0, timeout=0, total_score=0.0000, step_avg=0.0", "file": "monitor.py", "line": "182", "module": "learner", "process": "monitor", "function": "_handle_metrics", "stack": "", "pid": 436}
{"time": "2026-05-15 08:54:21.044433", "level": "INFO", "message": "learner EnvMonitor [静默][task=track]: completed=0, abnormal=0, timeout=0, total_score=0.0000, step_avg=0.0", "file": "monitor.py", "line": "182", "module": "learner", "process": "monitor", "function": "_handle_metrics", "stack": "", "pid": 436}
{"time": "2026-05-15 08:54:31.646787", "level": "WARNING", "message": "learner [eval term-debug] step=4001 term='time_out' fired on envs=[4, 8, 9, 10, 11, 12]", "file": "base_env.py", "line": "2117", "module": "learner", "process": "base_env", "function": "step", "stack": "", "pid": 436}
{"time": "2026-05-15 08:54:31.647376", "level": "INFO", "message": "learner [eval single-life] 6 env(s) finished first episode (total done: 16/16)", "file": "base_env.py", "line": "2126", "module": "learner", "process": "base_env", "function": "step", "stack": "", "pid": 436}
{"time": "2026-05-15 08:54:31.652573", "level": "INFO", "message": "learner [eval single-life] All 16 envs have completed their first episode at frame 4001", "file": "base_env.py", "line": "2221", "module": "learner", "process": "base_env", "function": "step", "stack": "", "pid": 436}
{"time": "2026-05-15 08:54:31.654580", "level": "INFO", "message": "learner _build_end_info: task_type=track, total_score=0.0, episode_count=16, terrain_groups=4, export_detail_groups=4", "file": "base_env.py", "line": "2441", "module": "learner", "process": "base_env", "function": "_build_end_info", "stack": "", "pid": 436}
{"time": "2026-05-15 08:54:31.657485", "level": "INFO", "message": "learner TiledCamera 视频写入器已关闭: 16 个视频文件", "file": "video_writer.py", "line": "204", "module": "learner", "process": "video_writer", "function": "close", "stack": "", "pid": 436}
{"time": "2026-05-15 08:54:35.459132", "level": "INFO", "message": "learner json_file /workspace/battle/503422_1_1/result/503422_1_1.json create success, done_file /workspace/battle/503422_1_1/503422_1_1.done create success", "file": "base_env.py", "line": "2511", "module": "learner", "process": "base_env", "function": "make_json_and_done_file", "stack": "", "pid": 436}
{"time": "2026-05-15 08:54:35.460947", "level": "INFO", "message": "learner EnvMonitor: 正在关闭，执行最终上报...", "file": "monitor.py", "line": "122", "module": "learner", "process": "monitor", "function": "close", "stack": "", "pid": 436}
{"time": "2026-05-15 08:54:35.463907", "level": "INFO", "message": "learner EnvMonitor [静默][task=track]: completed=0, abnormal=0, timeout=6, total_score=0.0000, step_avg=4000.0", "file": "monitor.py", "line": "182", "module": "learner", "process": "monitor", "function": "_handle_metrics", "stack": "", "pid": 436}
{"time": "2026-05-15 08:54:35.952478", "level": "INFO", "message": "learner SimulationApp shutdown skipped (vGPU workaround), calling os._exit(0)", "file": "base_env.py", "line": "1768", "module": "learner", "process": "base_env", "function": "_shutdown_simulation_app", "stack": "", "pid": 436}
