{"time": "2026-05-15 08:05:54.519735", "level": "INFO", "message": "learner kaiwu_env start at pid 439", "file": "base_env.py", "line": "1135", "module": "learner", "process": "base_env", "function": "__init__", "stack": "", "pid": 439}
{"time": "2026-05-15 08:05:54.527030", "level": "INFO", "message": "learner isaac_env start at pid 439, env is <tools.base_env.base_env.Robot object at 0x7fc794ec54d0>", "file": "isaac_env.py", "line": "91", "module": "learner", "process": "isaac_env", "function": "before_run", "stack": "", "pid": 439}
{"time": "2026-05-15 08:06:08.828276", "level": "INFO", "message": "learner SimulationApp started successfully (enable_cameras=True)", "file": "base_env.py", "line": "1227", "module": "learner", "process": "base_env", "function": "_launch_sim_app", "stack": "", "pid": 439}
{"time": "2026-05-15 08:06:09.109833", "level": "INFO", "message": "learner [terrain] Set terrain_type='generator', mode='track'", "file": "base_env.py", "line": "305", "module": "learner", "process": "base_env", "function": "_log", "stack": "", "pid": 439}
{"time": "2026-05-15 08:06:09.110119", "level": "INFO", "message": "learner [terrain] Switched reset_base to reset_root_state_track_start (track mode)", "file": "base_env.py", "line": "305", "module": "learner", "process": "base_env", "function": "_log", "stack": "", "pid": 439}
{"time": "2026-05-15 08:06:09.110270", "level": "INFO", "message": "learner [terrain] Eval mode: set terrain_generator.seed=0", "file": "base_env.py", "line": "305", "module": "learner", "process": "base_env", "function": "_log", "stack": "", "pid": 439}
{"time": "2026-05-15 08:06:09.110417", "level": "INFO", "message": "learner [seed] Eval mode: terrain_seed=0 (stable), env_cfg.seed=687073663 (from RANDOM_SEED, differs per round)", "file": "base_env.py", "line": "305", "module": "learner", "process": "base_env", "function": "_log", "stack": "", "pid": 439}
{"time": "2026-05-15 08:06:09.110559", "level": "INFO", "message": "learner [terrain] Set terrain_generator.difficulty_range=(0.0, 1.0)", "file": "base_env.py", "line": "305", "module": "learner", "process": "base_env", "function": "_log", "stack": "", "pid": 439}
{"time": "2026-05-15 08:06:09.110705", "level": "INFO", "message": "learner [terrain] Set terrain_generator.curriculum=False", "file": "base_env.py", "line": "305", "module": "learner", "process": "base_env", "function": "_log", "stack": "", "pid": 439}
{"time": "2026-05-15 08:06:09.110831", "level": "INFO", "message": "learner [terrain] Disabled curriculum.terrain_levels (curriculum=false)", "file": "base_env.py", "line": "305", "module": "learner", "process": "base_env", "function": "_log", "stack": "", "pid": 439}
{"time": "2026-05-15 08:06:09.110944", "level": "INFO", "message": "learner [terrain] Disabled curriculum.lin_vel_cmd_levels (curriculum=false)", "file": "base_env.py", "line": "305", "module": "learner", "process": "base_env", "function": "_log", "stack": "", "pid": 439}
{"time": "2026-05-15 08:06:09.111071", "level": "INFO", "message": "learner [terrain.track] Set track_length=1 (num_rows=1)", "file": "base_env.py", "line": "305", "module": "learner", "process": "base_env", "function": "_log", "stack": "", "pid": 439}
{"time": "2026-05-15 08:06:09.111190", "level": "INFO", "message": "learner [terrain.track] Set num_parallel_tracks=10 (num_cols=10)", "file": "base_env.py", "line": "305", "module": "learner", "process": "base_env", "function": "_log", "stack": "", "pid": 439}
{"time": "2026-05-15 08:06:09.111307", "level": "INFO", "message": "learner [terrain.track] Set sub_terrains_order=['open_entry_maze'] (from sub_terrains)", "file": "base_env.py", "line": "305", "module": "learner", "process": "base_env", "function": "_log", "stack": "", "pid": 439}
{"time": "2026-05-15 08:06:09.111436", "level": "INFO", "message": "learner [terrain] Eval level list: [0, 1, 2, 3]", "file": "base_env.py", "line": "305", "module": "learner", "process": "base_env", "function": "_log", "stack": "", "pid": 439}
{"time": "2026-05-15 08:06:09.111556", "level": "INFO", "message": "learner [terrain] Forced tg.curriculum=True so Isaac Lab uses curriculum terrain generation (fixed col→sub mapping); level placement stays deterministic via reset_root_state_eval_level_aware", "file": "base_env.py", "line": "305", "module": "learner", "process": "base_env", "function": "_log", "stack": "", "pid": 439}
{"time": "2026-05-15 08:06:09.111708", "level": "INFO", "message": "learner [terrain] Forced curriculum.terrain_levels=None (eval level list)", "file": "base_env.py", "line": "305", "module": "learner", "process": "base_env", "function": "_log", "stack": "", "pid": 439}
{"time": "2026-05-15 08:06:09.111829", "level": "INFO", "message": "learner [terrain] Switched reset_base to reset_root_state_eval_level_aware (eval level list)", "file": "base_env.py", "line": "305", "module": "learner", "process": "base_env", "function": "_log", "stack": "", "pid": 439}
{"time": "2026-05-15 08:06:09.111952", "level": "INFO", "message": "learner [init_state] Set robot init_state.pos=(0.0, 0.0, 0.35)", "file": "base_env.py", "line": "305", "module": "learner", "process": "base_env", "function": "_log", "stack": "", "pid": 439}
{"time": "2026-05-15 08:06:09.112075", "level": "INFO", "message": "learner [commands] Set resampling_time_range=(300.0, 300.0)", "file": "base_env.py", "line": "305", "module": "learner", "process": "base_env", "function": "_log", "stack": "", "pid": 439}
{"time": "2026-05-15 08:06:54.508742", "level": "WARNING", "message": "learner [eval term-debug] step=439 term='bad_orientation' fired on envs=[2]", "file": "base_env.py", "line": "2117", "module": "learner", "process": "base_env", "function": "step", "stack": "", "pid": 439}
{"time": "2026-05-15 08:06:54.509282", "level": "INFO", "message": "learner [eval single-life] 1 env(s) finished first episode (total done: 1/16)", "file": "base_env.py", "line": "2126", "module": "learner", "process": "base_env", "function": "step", "stack": "", "pid": 439}
{"time": "2026-05-15 08:07:00.050671", "level": "WARNING", "message": "learner [eval term-debug] step=499 term='bad_orientation' fired on envs=[6]", "file": "base_env.py", "line": "2117", "module": "learner", "process": "base_env", "function": "step", "stack": "", "pid": 439}
{"time": "2026-05-15 08:07:00.051187", "level": "INFO", "message": "learner [eval single-life] 1 env(s) finished first episode (total done: 2/16)", "file": "base_env.py", "line": "2126", "module": "learner", "process": "base_env", "function": "step", "stack": "", "pid": 439}
{"time": "2026-05-15 08:07:14.888051", "level": "INFO", "message": "learner EnvMonitor [静默][task=track]: completed=0, abnormal=2, timeout=0, total_score=0.0000, step_avg=468.0", "file": "monitor.py", "line": "182", "module": "learner", "process": "monitor", "function": "_handle_metrics", "stack": "", "pid": 439}
{"time": "2026-05-15 08:07:39.247661", "level": "WARNING", "message": "learner [eval term-debug] step=953 term='bad_orientation' fired on envs=[13]", "file": "base_env.py", "line": "2117", "module": "learner", "process": "base_env", "function": "step", "stack": "", "pid": 439}
{"time": "2026-05-15 08:07:39.248174", "level": "INFO", "message": "learner [eval single-life] 1 env(s) finished first episode (total done: 3/16)", "file": "base_env.py", "line": "2126", "module": "learner", "process": "base_env", "function": "step", "stack": "", "pid": 439}
{"time": "2026-05-15 08:07:44.218201", "level": "WARNING", "message": "learner [eval term-debug] step=1012 term='bad_orientation' fired on envs=[4]", "file": "base_env.py", "line": "2117", "module": "learner", "process": "base_env", "function": "step", "stack": "", "pid": 439}
{"time": "2026-05-15 08:07:44.218688", "level": "INFO", "message": "learner [eval single-life] 1 env(s) finished first episode (total done: 4/16)", "file": "base_env.py", "line": "2126", "module": "learner", "process": "base_env", "function": "step", "stack": "", "pid": 439}
{"time": "2026-05-15 08:07:53.755182", "level": "WARNING", "message": "learner [eval term-debug] step=1127 term='bad_orientation' fired on envs=[1]", "file": "base_env.py", "line": "2117", "module": "learner", "process": "base_env", "function": "step", "stack": "", "pid": 439}
{"time": "2026-05-15 08:07:53.755965", "level": "INFO", "message": "learner [eval single-life] 1 env(s) finished first episode (total done: 5/16)", "file": "base_env.py", "line": "2126", "module": "learner", "process": "base_env", "function": "step", "stack": "", "pid": 439}
{"time": "2026-05-15 08:07:56.374511", "level": "WARNING", "message": "learner [eval term-debug] step=1159 term='bad_orientation' fired on envs=[10]", "file": "base_env.py", "line": "2117", "module": "learner", "process": "base_env", "function": "step", "stack": "", "pid": 439}
{"time": "2026-05-15 08:07:56.375012", "level": "INFO", "message": "learner [eval single-life] 1 env(s) finished first episode (total done: 6/16)", "file": "base_env.py", "line": "2126", "module": "learner", "process": "base_env", "function": "step", "stack": "", "pid": 439}
{"time": "2026-05-15 08:08:13.227187", "level": "WARNING", "message": "learner [eval term-debug] step=1369 term='bad_orientation' fired on envs=[9]", "file": "base_env.py", "line": "2117", "module": "learner", "process": "base_env", "function": "step", "stack": "", "pid": 439}
{"time": "2026-05-15 08:08:13.227696", "level": "INFO", "message": "learner [eval single-life] 1 env(s) finished first episode (total done: 7/16)", "file": "base_env.py", "line": "2126", "module": "learner", "process": "base_env", "function": "step", "stack": "", "pid": 439}
{"time": "2026-05-15 08:08:14.957254", "level": "INFO", "message": "learner EnvMonitor [静默][task=track]: completed=0, abnormal=5, timeout=0, total_score=0.0000, step_avg=1123.0", "file": "monitor.py", "line": "182", "module": "learner", "process": "monitor", "function": "_handle_metrics", "stack": "", "pid": 439}
{"time": "2026-05-15 08:08:20.260056", "level": "WARNING", "message": "learner [eval term-debug] step=1458 term='bad_orientation' fired on envs=[5]", "file": "base_env.py", "line": "2117", "module": "learner", "process": "base_env", "function": "step", "stack": "", "pid": 439}
{"time": "2026-05-15 08:08:20.260595", "level": "INFO", "message": "learner [eval single-life] 1 env(s) finished first episode (total done: 8/16)", "file": "base_env.py", "line": "2126", "module": "learner", "process": "base_env", "function": "step", "stack": "", "pid": 439}
{"time": "2026-05-15 08:08:56.640931", "level": "WARNING", "message": "learner [eval term-debug] step=1929 term='bad_orientation' fired on envs=[15]", "file": "base_env.py", "line": "2117", "module": "learner", "process": "base_env", "function": "step", "stack": "", "pid": 439}
{"time": "2026-05-15 08:08:56.641440", "level": "INFO", "message": "learner [eval single-life] 1 env(s) finished first episode (total done: 9/16)", "file": "base_env.py", "line": "2126", "module": "learner", "process": "base_env", "function": "step", "stack": "", "pid": 439}
{"time": "2026-05-15 08:08:57.811268", "level": "WARNING", "message": "learner [eval term-debug] step=1944 term='bad_orientation' fired on envs=[14]", "file": "base_env.py", "line": "2117", "module": "learner", "process": "base_env", "function": "step", "stack": "", "pid": 439}
{"time": "2026-05-15 08:08:57.811802", "level": "INFO", "message": "learner [eval single-life] 1 env(s) finished first episode (total done: 10/16)", "file": "base_env.py", "line": "2126", "module": "learner", "process": "base_env", "function": "step", "stack": "", "pid": 439}
{"time": "2026-05-15 08:09:15.010713", "level": "INFO", "message": "learner EnvMonitor [静默][task=track]: completed=0, abnormal=3, timeout=0, total_score=0.0000, step_avg=1776.0", "file": "monitor.py", "line": "182", "module": "learner", "process": "monitor", "function": "_handle_metrics", "stack": "", "pid": 439}
{"time": "2026-05-15 08:10:15.037941", "level": "INFO", "message": "learner EnvMonitor [静默][task=track]: completed=0, abnormal=0, timeout=0, total_score=0.0000, step_avg=0.0", "file": "monitor.py", "line": "182", "module": "learner", "process": "monitor", "function": "_handle_metrics", "stack": "", "pid": 439}
{"time": "2026-05-15 08:11:15.065867", "level": "INFO", "message": "learner EnvMonitor [静默][task=track]: completed=0, abnormal=0, timeout=0, total_score=0.0000, step_avg=0.0", "file": "monitor.py", "line": "182", "module": "learner", "process": "monitor", "function": "_handle_metrics", "stack": "", "pid": 439}
{"time": "2026-05-15 08:11:29.973559", "level": "WARNING", "message": "learner [eval term-debug] step=4001 term='time_out' fired on envs=[0, 3, 7, 8, 11, 12]", "file": "base_env.py", "line": "2117", "module": "learner", "process": "base_env", "function": "step", "stack": "", "pid": 439}
{"time": "2026-05-15 08:11:29.974192", "level": "INFO", "message": "learner [eval single-life] 6 env(s) finished first episode (total done: 16/16)", "file": "base_env.py", "line": "2126", "module": "learner", "process": "base_env", "function": "step", "stack": "", "pid": 439}
{"time": "2026-05-15 08:11:29.979215", "level": "INFO", "message": "learner [eval single-life] All 16 envs have completed their first episode at frame 4001", "file": "base_env.py", "line": "2221", "module": "learner", "process": "base_env", "function": "step", "stack": "", "pid": 439}
{"time": "2026-05-15 08:11:29.981204", "level": "INFO", "message": "learner _build_end_info: task_type=track, total_score=0.0, episode_count=16, terrain_groups=4, export_detail_groups=4", "file": "base_env.py", "line": "2441", "module": "learner", "process": "base_env", "function": "_build_end_info", "stack": "", "pid": 439}
{"time": "2026-05-15 08:11:29.984487", "level": "INFO", "message": "learner TiledCamera 视频写入器已关闭: 16 个视频文件", "file": "video_writer.py", "line": "204", "module": "learner", "process": "video_writer", "function": "close", "stack": "", "pid": 439}
{"time": "2026-05-15 08:11:34.717461", "level": "INFO", "message": "learner json_file /workspace/battle/503398_1_1/result/503398_1_1.json create success, done_file /workspace/battle/503398_1_1/503398_1_1.done create success", "file": "base_env.py", "line": "2511", "module": "learner", "process": "base_env", "function": "make_json_and_done_file", "stack": "", "pid": 439}
{"time": "2026-05-15 08:11:34.719181", "level": "INFO", "message": "learner EnvMonitor: 正在关闭，执行最终上报...", "file": "monitor.py", "line": "122", "module": "learner", "process": "monitor", "function": "close", "stack": "", "pid": 439}
{"time": "2026-05-15 08:11:34.722002", "level": "INFO", "message": "learner EnvMonitor [静默][task=track]: completed=0, abnormal=0, timeout=6, total_score=0.0000, step_avg=4000.0", "file": "monitor.py", "line": "182", "module": "learner", "process": "monitor", "function": "_handle_metrics", "stack": "", "pid": 439}
{"time": "2026-05-15 08:11:35.100138", "level": "INFO", "message": "learner SimulationApp shutdown skipped (vGPU workaround), calling os._exit(0)", "file": "base_env.py", "line": "1768", "module": "learner", "process": "base_env", "function": "_shutdown_simulation_app", "stack": "", "pid": 439}
