{"time": "2026-05-16 04:32:50.298652", "level": "INFO", "message": "learner kaiwu_env start at pid 437", "file": "base_env.py", "line": "1135", "module": "learner", "process": "base_env", "function": "__init__", "stack": "", "pid": 437}
{"time": "2026-05-16 04:32:50.305922", "level": "INFO", "message": "learner isaac_env start at pid 437, env is <tools.base_env.base_env.Robot object at 0x7f1a710fc710>", "file": "isaac_env.py", "line": "91", "module": "learner", "process": "isaac_env", "function": "before_run", "stack": "", "pid": 437}
{"time": "2026-05-16 04:33:04.958110", "level": "INFO", "message": "learner SimulationApp started successfully (enable_cameras=True)", "file": "base_env.py", "line": "1227", "module": "learner", "process": "base_env", "function": "_launch_sim_app", "stack": "", "pid": 437}
{"time": "2026-05-16 04:33:05.255683", "level": "INFO", "message": "learner [terrain] Set terrain_type='generator', mode='track'", "file": "base_env.py", "line": "305", "module": "learner", "process": "base_env", "function": "_log", "stack": "", "pid": 437}
{"time": "2026-05-16 04:33:05.255989", "level": "INFO", "message": "learner [terrain] Switched reset_base to reset_root_state_track_start (track mode)", "file": "base_env.py", "line": "305", "module": "learner", "process": "base_env", "function": "_log", "stack": "", "pid": 437}
{"time": "2026-05-16 04:33:05.256151", "level": "INFO", "message": "learner [terrain] Eval mode: set terrain_generator.seed=0", "file": "base_env.py", "line": "305", "module": "learner", "process": "base_env", "function": "_log", "stack": "", "pid": 437}
{"time": "2026-05-16 04:33:05.256301", "level": "INFO", "message": "learner [seed] Eval mode: terrain_seed=0 (stable), env_cfg.seed=760689464 (from RANDOM_SEED, differs per round)", "file": "base_env.py", "line": "305", "module": "learner", "process": "base_env", "function": "_log", "stack": "", "pid": 437}
{"time": "2026-05-16 04:33:05.256448", "level": "INFO", "message": "learner [terrain] Set terrain_generator.difficulty_range=(0.0, 1.0)", "file": "base_env.py", "line": "305", "module": "learner", "process": "base_env", "function": "_log", "stack": "", "pid": 437}
{"time": "2026-05-16 04:33:05.256580", "level": "INFO", "message": "learner [terrain] Set terrain_generator.curriculum=False", "file": "base_env.py", "line": "305", "module": "learner", "process": "base_env", "function": "_log", "stack": "", "pid": 437}
{"time": "2026-05-16 04:33:05.256719", "level": "INFO", "message": "learner [terrain] Disabled curriculum.terrain_levels (curriculum=false)", "file": "base_env.py", "line": "305", "module": "learner", "process": "base_env", "function": "_log", "stack": "", "pid": 437}
{"time": "2026-05-16 04:33:05.256838", "level": "INFO", "message": "learner [terrain] Disabled curriculum.lin_vel_cmd_levels (curriculum=false)", "file": "base_env.py", "line": "305", "module": "learner", "process": "base_env", "function": "_log", "stack": "", "pid": 437}
{"time": "2026-05-16 04:33:05.256968", "level": "INFO", "message": "learner [terrain.track] Set track_length=5 (num_rows=5)", "file": "base_env.py", "line": "305", "module": "learner", "process": "base_env", "function": "_log", "stack": "", "pid": 437}
{"time": "2026-05-16 04:33:05.257086", "level": "INFO", "message": "learner [terrain.track] Set num_parallel_tracks=10 (num_cols=10)", "file": "base_env.py", "line": "305", "module": "learner", "process": "base_env", "function": "_log", "stack": "", "pid": 437}
{"time": "2026-05-16 04:33:05.257205", "level": "INFO", "message": "learner [terrain.track] Set sub_terrains_order=['pyramid_slope', 'pyramid_slope_inv', 'pyramid_stairs', 'pyramid_stairs_inv', 'open_entry_maze'] (from sub_terrains)", "file": "base_env.py", "line": "305", "module": "learner", "process": "base_env", "function": "_log", "stack": "", "pid": 437}
{"time": "2026-05-16 04:33:05.257336", "level": "INFO", "message": "learner [terrain] Eval level list: [0, 1, 3, 4]", "file": "base_env.py", "line": "305", "module": "learner", "process": "base_env", "function": "_log", "stack": "", "pid": 437}
{"time": "2026-05-16 04:33:05.257461", "level": "INFO", "message": "learner [terrain] Forced tg.curriculum=True so Isaac Lab uses curriculum terrain generation (fixed col→sub mapping); level placement stays deterministic via reset_root_state_eval_level_aware", "file": "base_env.py", "line": "305", "module": "learner", "process": "base_env", "function": "_log", "stack": "", "pid": 437}
{"time": "2026-05-16 04:33:05.257587", "level": "INFO", "message": "learner [terrain] Forced curriculum.terrain_levels=None (eval level list)", "file": "base_env.py", "line": "305", "module": "learner", "process": "base_env", "function": "_log", "stack": "", "pid": 437}
{"time": "2026-05-16 04:33:05.257717", "level": "INFO", "message": "learner [terrain] Switched reset_base to reset_root_state_eval_level_aware (eval level list)", "file": "base_env.py", "line": "305", "module": "learner", "process": "base_env", "function": "_log", "stack": "", "pid": 437}
{"time": "2026-05-16 04:33:05.257840", "level": "INFO", "message": "learner [init_state] Set robot init_state.pos=(0.0, 0.0, 0.35)", "file": "base_env.py", "line": "305", "module": "learner", "process": "base_env", "function": "_log", "stack": "", "pid": 437}
{"time": "2026-05-16 04:33:05.257965", "level": "INFO", "message": "learner [commands] Set resampling_time_range=(5.0, 5.0)", "file": "base_env.py", "line": "305", "module": "learner", "process": "base_env", "function": "_log", "stack": "", "pid": 437}
{"time": "2026-05-16 04:34:12.074992", "level": "INFO", "message": "learner EnvMonitor [静默][task=track]: completed=0, abnormal=0, timeout=0, total_score=0.0000, step_avg=0.0", "file": "monitor.py", "line": "182", "module": "learner", "process": "monitor", "function": "_handle_metrics", "stack": "", "pid": 437}
{"time": "2026-05-16 04:34:36.566750", "level": "WARNING", "message": "learner [eval term-debug] step=756 term='bad_orientation' fired on envs=[6]", "file": "base_env.py", "line": "2117", "module": "learner", "process": "base_env", "function": "step", "stack": "", "pid": 437}
{"time": "2026-05-16 04:34:36.570564", "level": "INFO", "message": "learner [eval single-life] 1 env(s) finished first episode (total done: 1/16)", "file": "base_env.py", "line": "2126", "module": "learner", "process": "base_env", "function": "step", "stack": "", "pid": 437}
{"time": "2026-05-16 04:34:38.566717", "level": "WARNING", "message": "learner [eval term-debug] step=771 term='bad_orientation' fired on envs=[7]", "file": "base_env.py", "line": "2117", "module": "learner", "process": "base_env", "function": "step", "stack": "", "pid": 437}
{"time": "2026-05-16 04:34:38.567409", "level": "INFO", "message": "learner [eval single-life] 1 env(s) finished first episode (total done: 2/16)", "file": "base_env.py", "line": "2126", "module": "learner", "process": "base_env", "function": "step", "stack": "", "pid": 437}
{"time": "2026-05-16 04:34:40.869125", "level": "WARNING", "message": "learner [eval term-debug] step=791 term='bad_orientation' fired on envs=[4]", "file": "base_env.py", "line": "2117", "module": "learner", "process": "base_env", "function": "step", "stack": "", "pid": 437}
{"time": "2026-05-16 04:34:40.871373", "level": "INFO", "message": "learner [eval single-life] 1 env(s) finished first episode (total done: 3/16)", "file": "base_env.py", "line": "2126", "module": "learner", "process": "base_env", "function": "step", "stack": "", "pid": 437}
{"time": "2026-05-16 04:34:41.455171", "level": "WARNING", "message": "learner [eval term-debug] step=796 term='bad_orientation' fired on envs=[14]", "file": "base_env.py", "line": "2117", "module": "learner", "process": "base_env", "function": "step", "stack": "", "pid": 437}
{"time": "2026-05-16 04:34:41.455707", "level": "INFO", "message": "learner [eval single-life] 1 env(s) finished first episode (total done: 4/16)", "file": "base_env.py", "line": "2126", "module": "learner", "process": "base_env", "function": "step", "stack": "", "pid": 437}
{"time": "2026-05-16 04:34:44.417753", "level": "WARNING", "message": "learner [eval term-debug] step=819 term='bad_orientation' fired on envs=[13]", "file": "base_env.py", "line": "2117", "module": "learner", "process": "base_env", "function": "step", "stack": "", "pid": 437}
{"time": "2026-05-16 04:34:44.418456", "level": "INFO", "message": "learner [eval single-life] 1 env(s) finished first episode (total done: 5/16)", "file": "base_env.py", "line": "2126", "module": "learner", "process": "base_env", "function": "step", "stack": "", "pid": 437}
{"time": "2026-05-16 04:34:44.549969", "level": "WARNING", "message": "learner [eval term-debug] step=820 term='bad_orientation' fired on envs=[2]", "file": "base_env.py", "line": "2117", "module": "learner", "process": "base_env", "function": "step", "stack": "", "pid": 437}
{"time": "2026-05-16 04:34:44.550649", "level": "INFO", "message": "learner [eval single-life] 1 env(s) finished first episode (total done: 6/16)", "file": "base_env.py", "line": "2126", "module": "learner", "process": "base_env", "function": "step", "stack": "", "pid": 437}
{"time": "2026-05-16 04:34:47.362464", "level": "WARNING", "message": "learner [eval term-debug] step=845 term='bad_orientation' fired on envs=[12]", "file": "base_env.py", "line": "2117", "module": "learner", "process": "base_env", "function": "step", "stack": "", "pid": 437}
{"time": "2026-05-16 04:34:47.363181", "level": "INFO", "message": "learner [eval single-life] 1 env(s) finished first episode (total done: 7/16)", "file": "base_env.py", "line": "2126", "module": "learner", "process": "base_env", "function": "step", "stack": "", "pid": 437}
{"time": "2026-05-16 04:34:48.606378", "level": "WARNING", "message": "learner [eval term-debug] step=856 term='bad_orientation' fired on envs=[0]", "file": "base_env.py", "line": "2117", "module": "learner", "process": "base_env", "function": "step", "stack": "", "pid": 437}
{"time": "2026-05-16 04:34:48.607014", "level": "INFO", "message": "learner [eval single-life] 1 env(s) finished first episode (total done: 8/16)", "file": "base_env.py", "line": "2126", "module": "learner", "process": "base_env", "function": "step", "stack": "", "pid": 437}
{"time": "2026-05-16 04:34:52.411612", "level": "WARNING", "message": "learner [eval term-debug] step=891 term='bad_orientation' fired on envs=[1]", "file": "base_env.py", "line": "2117", "module": "learner", "process": "base_env", "function": "step", "stack": "", "pid": 437}
{"time": "2026-05-16 04:34:52.412341", "level": "INFO", "message": "learner [eval single-life] 1 env(s) finished first episode (total done: 9/16)", "file": "base_env.py", "line": "2126", "module": "learner", "process": "base_env", "function": "step", "stack": "", "pid": 437}
{"time": "2026-05-16 04:34:53.523519", "level": "WARNING", "message": "learner [eval term-debug] step=901 term='bad_orientation' fired on envs=[15]", "file": "base_env.py", "line": "2117", "module": "learner", "process": "base_env", "function": "step", "stack": "", "pid": 437}
{"time": "2026-05-16 04:34:53.524138", "level": "INFO", "message": "learner [eval single-life] 1 env(s) finished first episode (total done: 10/16)", "file": "base_env.py", "line": "2126", "module": "learner", "process": "base_env", "function": "step", "stack": "", "pid": 437}
{"time": "2026-05-16 04:34:53.949426", "level": "WARNING", "message": "learner [eval term-debug] step=905 term='bad_orientation' fired on envs=[10]", "file": "base_env.py", "line": "2117", "module": "learner", "process": "base_env", "function": "step", "stack": "", "pid": 437}
{"time": "2026-05-16 04:34:53.950139", "level": "INFO", "message": "learner [eval single-life] 1 env(s) finished first episode (total done: 11/16)", "file": "base_env.py", "line": "2126", "module": "learner", "process": "base_env", "function": "step", "stack": "", "pid": 437}
{"time": "2026-05-16 04:34:54.065368", "level": "WARNING", "message": "learner [eval term-debug] step=906 term='bad_orientation' fired on envs=[3]", "file": "base_env.py", "line": "2117", "module": "learner", "process": "base_env", "function": "step", "stack": "", "pid": 437}
{"time": "2026-05-16 04:34:54.066406", "level": "INFO", "message": "learner [eval single-life] 1 env(s) finished first episode (total done: 12/16)", "file": "base_env.py", "line": "2126", "module": "learner", "process": "base_env", "function": "step", "stack": "", "pid": 437}
{"time": "2026-05-16 04:35:12.107956", "level": "INFO", "message": "learner EnvMonitor [静默][task=track]: completed=0, abnormal=12, timeout=0, total_score=0.0000, step_avg=837.0", "file": "monitor.py", "line": "182", "module": "learner", "process": "monitor", "function": "_handle_metrics", "stack": "", "pid": 437}
{"time": "2026-05-16 04:36:12.166625", "level": "INFO", "message": "learner EnvMonitor [静默][task=track]: completed=0, abnormal=0, timeout=0, total_score=0.0000, step_avg=0.0", "file": "monitor.py", "line": "182", "module": "learner", "process": "monitor", "function": "_handle_metrics", "stack": "", "pid": 437}
{"time": "2026-05-16 04:37:12.254926", "level": "INFO", "message": "learner EnvMonitor [静默][task=track]: completed=0, abnormal=0, timeout=0, total_score=0.0000, step_avg=0.0", "file": "monitor.py", "line": "182", "module": "learner", "process": "monitor", "function": "_handle_metrics", "stack": "", "pid": 437}
{"time": "2026-05-16 04:38:12.346421", "level": "INFO", "message": "learner EnvMonitor [静默][task=track]: completed=0, abnormal=0, timeout=0, total_score=0.0000, step_avg=0.0", "file": "monitor.py", "line": "182", "module": "learner", "process": "monitor", "function": "_handle_metrics", "stack": "", "pid": 437}
{"time": "2026-05-16 04:39:12.359971", "level": "INFO", "message": "learner EnvMonitor [静默][task=track]: completed=0, abnormal=0, timeout=0, total_score=0.0000, step_avg=0.0", "file": "monitor.py", "line": "182", "module": "learner", "process": "monitor", "function": "_handle_metrics", "stack": "", "pid": 437}
{"time": "2026-05-16 04:40:12.464644", "level": "INFO", "message": "learner EnvMonitor [静默][task=track]: completed=0, abnormal=0, timeout=0, total_score=0.0000, step_avg=0.0", "file": "monitor.py", "line": "182", "module": "learner", "process": "monitor", "function": "_handle_metrics", "stack": "", "pid": 437}
{"time": "2026-05-16 04:41:12.553545", "level": "INFO", "message": "learner EnvMonitor [静默][task=track]: completed=0, abnormal=0, timeout=0, total_score=0.0000, step_avg=0.0", "file": "monitor.py", "line": "182", "module": "learner", "process": "monitor", "function": "_handle_metrics", "stack": "", "pid": 437}
{"time": "2026-05-16 04:42:12.635928", "level": "INFO", "message": "learner EnvMonitor [静默][task=track]: completed=0, abnormal=0, timeout=0, total_score=0.0000, step_avg=0.0", "file": "monitor.py", "line": "182", "module": "learner", "process": "monitor", "function": "_handle_metrics", "stack": "", "pid": 437}
{"time": "2026-05-16 04:43:12.654996", "level": "INFO", "message": "learner EnvMonitor [静默][task=track]: completed=0, abnormal=0, timeout=0, total_score=0.0000, step_avg=0.0", "file": "monitor.py", "line": "182", "module": "learner", "process": "monitor", "function": "_handle_metrics", "stack": "", "pid": 437}
{"time": "2026-05-16 04:44:07.286177", "level": "WARNING", "message": "learner [eval term-debug] step=6001 term='time_out' fired on envs=[5, 8, 9, 11]", "file": "base_env.py", "line": "2117", "module": "learner", "process": "base_env", "function": "step", "stack": "", "pid": 437}
{"time": "2026-05-16 04:44:07.287335", "level": "INFO", "message": "learner [eval single-life] 4 env(s) finished first episode (total done: 16/16)", "file": "base_env.py", "line": "2126", "module": "learner", "process": "base_env", "function": "step", "stack": "", "pid": 437}
{"time": "2026-05-16 04:44:07.297827", "level": "INFO", "message": "learner [eval single-life] All 16 envs have completed their first episode at frame 6001", "file": "base_env.py", "line": "2221", "module": "learner", "process": "base_env", "function": "step", "stack": "", "pid": 437}
{"time": "2026-05-16 04:44:07.299849", "level": "INFO", "message": "learner _build_end_info: task_type=track, total_score=0.0, episode_count=16, terrain_groups=4, export_detail_groups=4", "file": "base_env.py", "line": "2441", "module": "learner", "process": "base_env", "function": "_build_end_info", "stack": "", "pid": 437}
{"time": "2026-05-16 04:44:07.303021", "level": "INFO", "message": "learner TiledCamera 视频写入器已关闭: 16 个视频文件", "file": "video_writer.py", "line": "204", "module": "learner", "process": "video_writer", "function": "close", "stack": "", "pid": 437}
{"time": "2026-05-16 04:44:10.352060", "level": "INFO", "message": "learner json_file /workspace/battle/504599_3_1/result/504599_3_1.json create success, done_file /workspace/battle/504599_3_1/504599_3_1.done create success", "file": "base_env.py", "line": "2511", "module": "learner", "process": "base_env", "function": "make_json_and_done_file", "stack": "", "pid": 437}
{"time": "2026-05-16 04:44:10.354702", "level": "INFO", "message": "learner EnvMonitor: 正在关闭，执行最终上报...", "file": "monitor.py", "line": "122", "module": "learner", "process": "monitor", "function": "close", "stack": "", "pid": 437}
{"time": "2026-05-16 04:44:10.357678", "level": "INFO", "message": "learner EnvMonitor [静默][task=track]: completed=0, abnormal=0, timeout=4, total_score=0.0000, step_avg=6000.0", "file": "monitor.py", "line": "182", "module": "learner", "process": "monitor", "function": "_handle_metrics", "stack": "", "pid": 437}
{"time": "2026-05-16 04:44:10.771039", "level": "INFO", "message": "learner SimulationApp shutdown skipped (vGPU workaround), calling os._exit(0)", "file": "base_env.py", "line": "1768", "module": "learner", "process": "base_env", "function": "_shutdown_simulation_app", "stack": "", "pid": 437}
