{"time": "2026-05-16 03:36:24.475915", "level": "INFO", "message": "learner kaiwu_env start at pid 439", "file": "base_env.py", "line": "1135", "module": "learner", "process": "base_env", "function": "__init__", "stack": "", "pid": 439}
{"time": "2026-05-16 03:36:24.483051", "level": "INFO", "message": "learner isaac_env start at pid 439, env is <tools.base_env.base_env.Robot object at 0x7fe1c0ab9590>", "file": "isaac_env.py", "line": "91", "module": "learner", "process": "isaac_env", "function": "before_run", "stack": "", "pid": 439}
{"time": "2026-05-16 03:36:40.174261", "level": "INFO", "message": "learner SimulationApp started successfully (enable_cameras=True)", "file": "base_env.py", "line": "1227", "module": "learner", "process": "base_env", "function": "_launch_sim_app", "stack": "", "pid": 439}
{"time": "2026-05-16 03:36:40.465406", "level": "INFO", "message": "learner [terrain] Set terrain_type='generator', mode='track'", "file": "base_env.py", "line": "305", "module": "learner", "process": "base_env", "function": "_log", "stack": "", "pid": 439}
{"time": "2026-05-16 03:36:40.465728", "level": "INFO", "message": "learner [terrain] Switched reset_base to reset_root_state_track_start (track mode)", "file": "base_env.py", "line": "305", "module": "learner", "process": "base_env", "function": "_log", "stack": "", "pid": 439}
{"time": "2026-05-16 03:36:40.465890", "level": "INFO", "message": "learner [terrain] Eval mode: set terrain_generator.seed=0", "file": "base_env.py", "line": "305", "module": "learner", "process": "base_env", "function": "_log", "stack": "", "pid": 439}
{"time": "2026-05-16 03:36:40.466089", "level": "INFO", "message": "learner [seed] Eval mode: terrain_seed=0 (stable), env_cfg.seed=757303534 (from RANDOM_SEED, differs per round)", "file": "base_env.py", "line": "305", "module": "learner", "process": "base_env", "function": "_log", "stack": "", "pid": 439}
{"time": "2026-05-16 03:36:40.466243", "level": "INFO", "message": "learner [terrain] Set terrain_generator.difficulty_range=(0.0, 1.0)", "file": "base_env.py", "line": "305", "module": "learner", "process": "base_env", "function": "_log", "stack": "", "pid": 439}
{"time": "2026-05-16 03:36:40.466377", "level": "INFO", "message": "learner [terrain] Set terrain_generator.curriculum=False", "file": "base_env.py", "line": "305", "module": "learner", "process": "base_env", "function": "_log", "stack": "", "pid": 439}
{"time": "2026-05-16 03:36:40.466499", "level": "INFO", "message": "learner [terrain] Disabled curriculum.terrain_levels (curriculum=false)", "file": "base_env.py", "line": "305", "module": "learner", "process": "base_env", "function": "_log", "stack": "", "pid": 439}
{"time": "2026-05-16 03:36:40.466613", "level": "INFO", "message": "learner [terrain] Disabled curriculum.lin_vel_cmd_levels (curriculum=false)", "file": "base_env.py", "line": "305", "module": "learner", "process": "base_env", "function": "_log", "stack": "", "pid": 439}
{"time": "2026-05-16 03:36:40.466739", "level": "INFO", "message": "learner [terrain.track] Set track_length=1 (num_rows=1)", "file": "base_env.py", "line": "305", "module": "learner", "process": "base_env", "function": "_log", "stack": "", "pid": 439}
{"time": "2026-05-16 03:36:40.466856", "level": "INFO", "message": "learner [terrain.track] Set num_parallel_tracks=10 (num_cols=10)", "file": "base_env.py", "line": "305", "module": "learner", "process": "base_env", "function": "_log", "stack": "", "pid": 439}
{"time": "2026-05-16 03:36:40.466991", "level": "INFO", "message": "learner [terrain.track] Set sub_terrains_order=['open_entry_maze'] (from sub_terrains)", "file": "base_env.py", "line": "305", "module": "learner", "process": "base_env", "function": "_log", "stack": "", "pid": 439}
{"time": "2026-05-16 03:36:40.467125", "level": "INFO", "message": "learner [terrain] Eval level list: [6, 7, 8, 9]", "file": "base_env.py", "line": "305", "module": "learner", "process": "base_env", "function": "_log", "stack": "", "pid": 439}
{"time": "2026-05-16 03:36:40.467259", "level": "INFO", "message": "learner [terrain] Forced tg.curriculum=True so Isaac Lab uses curriculum terrain generation (fixed col→sub mapping); level placement stays deterministic via reset_root_state_eval_level_aware", "file": "base_env.py", "line": "305", "module": "learner", "process": "base_env", "function": "_log", "stack": "", "pid": 439}
{"time": "2026-05-16 03:36:40.467387", "level": "INFO", "message": "learner [terrain] Forced curriculum.terrain_levels=None (eval level list)", "file": "base_env.py", "line": "305", "module": "learner", "process": "base_env", "function": "_log", "stack": "", "pid": 439}
{"time": "2026-05-16 03:36:40.467502", "level": "INFO", "message": "learner [terrain] Switched reset_base to reset_root_state_eval_level_aware (eval level list)", "file": "base_env.py", "line": "305", "module": "learner", "process": "base_env", "function": "_log", "stack": "", "pid": 439}
{"time": "2026-05-16 03:36:40.467626", "level": "INFO", "message": "learner [init_state] Set robot init_state.pos=(0.0, 0.0, 0.35)", "file": "base_env.py", "line": "305", "module": "learner", "process": "base_env", "function": "_log", "stack": "", "pid": 439}
{"time": "2026-05-16 03:36:40.467752", "level": "INFO", "message": "learner [commands] Set resampling_time_range=(5.0, 5.0)", "file": "base_env.py", "line": "305", "module": "learner", "process": "base_env", "function": "_log", "stack": "", "pid": 439}
{"time": "2026-05-16 03:37:41.410440", "level": "WARNING", "message": "learner [eval term-debug] step=539 term='goal_reached' fired on envs=[10]", "file": "base_env.py", "line": "2117", "module": "learner", "process": "base_env", "function": "step", "stack": "", "pid": 439}
{"time": "2026-05-16 03:37:41.410904", "level": "INFO", "message": "learner [eval single-life] 1 env(s) finished first episode (total done: 1/16)", "file": "base_env.py", "line": "2126", "module": "learner", "process": "base_env", "function": "step", "stack": "", "pid": 439}
{"time": "2026-05-16 03:37:41.943058", "level": "WARNING", "message": "learner [eval term-debug] step=541 term='goal_reached' fired on envs=[14]", "file": "base_env.py", "line": "2117", "module": "learner", "process": "base_env", "function": "step", "stack": "", "pid": 439}
{"time": "2026-05-16 03:37:41.943461", "level": "INFO", "message": "learner [eval single-life] 1 env(s) finished first episode (total done: 2/16)", "file": "base_env.py", "line": "2126", "module": "learner", "process": "base_env", "function": "step", "stack": "", "pid": 439}
{"time": "2026-05-16 03:37:43.304956", "level": "WARNING", "message": "learner [eval term-debug] step=555 term='goal_reached' fired on envs=[2]", "file": "base_env.py", "line": "2117", "module": "learner", "process": "base_env", "function": "step", "stack": "", "pid": 439}
{"time": "2026-05-16 03:37:43.307678", "level": "INFO", "message": "learner [eval single-life] 1 env(s) finished first episode (total done: 3/16)", "file": "base_env.py", "line": "2126", "module": "learner", "process": "base_env", "function": "step", "stack": "", "pid": 439}
{"time": "2026-05-16 03:37:44.931285", "level": "WARNING", "message": "learner [eval term-debug] step=570 term='goal_reached' fired on envs=[9]", "file": "base_env.py", "line": "2117", "module": "learner", "process": "base_env", "function": "step", "stack": "", "pid": 439}
{"time": "2026-05-16 03:37:44.931945", "level": "INFO", "message": "learner [eval single-life] 1 env(s) finished first episode (total done: 4/16)", "file": "base_env.py", "line": "2126", "module": "learner", "process": "base_env", "function": "step", "stack": "", "pid": 439}
{"time": "2026-05-16 03:37:46.178379", "level": "INFO", "message": "learner EnvMonitor [静默][task=track]: completed=4, abnormal=0, timeout=0, total_score=62.1632, step_avg=550.0", "file": "monitor.py", "line": "182", "module": "learner", "process": "monitor", "function": "_handle_metrics", "stack": "", "pid": 439}
{"time": "2026-05-16 03:37:47.036816", "level": "WARNING", "message": "learner [eval term-debug] step=590 term='goal_reached' fired on envs=[1]", "file": "base_env.py", "line": "2117", "module": "learner", "process": "base_env", "function": "step", "stack": "", "pid": 439}
{"time": "2026-05-16 03:37:47.037400", "level": "INFO", "message": "learner [eval single-life] 1 env(s) finished first episode (total done: 5/16)", "file": "base_env.py", "line": "2126", "module": "learner", "process": "base_env", "function": "step", "stack": "", "pid": 439}
{"time": "2026-05-16 03:37:48.003440", "level": "WARNING", "message": "learner [eval term-debug] step=599 term='goal_reached' fired on envs=[6]", "file": "base_env.py", "line": "2117", "module": "learner", "process": "base_env", "function": "step", "stack": "", "pid": 439}
{"time": "2026-05-16 03:37:48.003944", "level": "INFO", "message": "learner [eval single-life] 1 env(s) finished first episode (total done: 6/16)", "file": "base_env.py", "line": "2126", "module": "learner", "process": "base_env", "function": "step", "stack": "", "pid": 439}
{"time": "2026-05-16 03:37:48.754645", "level": "WARNING", "message": "learner [eval term-debug] step=606 term='goal_reached' fired on envs=[12]", "file": "base_env.py", "line": "2117", "module": "learner", "process": "base_env", "function": "step", "stack": "", "pid": 439}
{"time": "2026-05-16 03:37:48.755208", "level": "INFO", "message": "learner [eval single-life] 1 env(s) finished first episode (total done: 7/16)", "file": "base_env.py", "line": "2126", "module": "learner", "process": "base_env", "function": "step", "stack": "", "pid": 439}
{"time": "2026-05-16 03:37:52.725773", "level": "WARNING", "message": "learner [eval term-debug] step=646 term='goal_reached' fired on envs=[5]", "file": "base_env.py", "line": "2117", "module": "learner", "process": "base_env", "function": "step", "stack": "", "pid": 439}
{"time": "2026-05-16 03:37:52.726316", "level": "INFO", "message": "learner [eval single-life] 1 env(s) finished first episode (total done: 8/16)", "file": "base_env.py", "line": "2126", "module": "learner", "process": "base_env", "function": "step", "stack": "", "pid": 439}
{"time": "2026-05-16 03:37:58.684883", "level": "WARNING", "message": "learner [eval term-debug] step=712 term='goal_reached' fired on envs=[11]", "file": "base_env.py", "line": "2117", "module": "learner", "process": "base_env", "function": "step", "stack": "", "pid": 439}
{"time": "2026-05-16 03:37:58.685374", "level": "INFO", "message": "learner [eval single-life] 1 env(s) finished first episode (total done: 9/16)", "file": "base_env.py", "line": "2126", "module": "learner", "process": "base_env", "function": "step", "stack": "", "pid": 439}
{"time": "2026-05-16 03:37:58.828867", "level": "WARNING", "message": "learner [eval term-debug] step=714 term='goal_reached' fired on envs=[3]", "file": "base_env.py", "line": "2117", "module": "learner", "process": "base_env", "function": "step", "stack": "", "pid": 439}
{"time": "2026-05-16 03:37:58.829308", "level": "INFO", "message": "learner [eval single-life] 1 env(s) finished first episode (total done: 10/16)", "file": "base_env.py", "line": "2126", "module": "learner", "process": "base_env", "function": "step", "stack": "", "pid": 439}
{"time": "2026-05-16 03:38:46.189605", "level": "INFO", "message": "learner EnvMonitor [静默][task=track]: completed=6, abnormal=0, timeout=0, total_score=63.2563, step_avg=644.0", "file": "monitor.py", "line": "182", "module": "learner", "process": "monitor", "function": "_handle_metrics", "stack": "", "pid": 439}
{"time": "2026-05-16 03:39:46.212569", "level": "INFO", "message": "learner EnvMonitor [静默][task=track]: completed=0, abnormal=0, timeout=0, total_score=0.0000, step_avg=0.0", "file": "monitor.py", "line": "182", "module": "learner", "process": "monitor", "function": "_handle_metrics", "stack": "", "pid": 439}
{"time": "2026-05-16 03:40:46.263415", "level": "INFO", "message": "learner EnvMonitor [静默][task=track]: completed=0, abnormal=0, timeout=0, total_score=0.0000, step_avg=0.0", "file": "monitor.py", "line": "182", "module": "learner", "process": "monitor", "function": "_handle_metrics", "stack": "", "pid": 439}
{"time": "2026-05-16 03:41:12.316164", "level": "WARNING", "message": "learner [eval term-debug] step=2757 term='goal_reached' fired on envs=[0]", "file": "base_env.py", "line": "2117", "module": "learner", "process": "base_env", "function": "step", "stack": "", "pid": 439}
{"time": "2026-05-16 03:41:12.316727", "level": "INFO", "message": "learner [eval single-life] 1 env(s) finished first episode (total done: 11/16)", "file": "base_env.py", "line": "2126", "module": "learner", "process": "base_env", "function": "step", "stack": "", "pid": 439}
{"time": "2026-05-16 03:41:46.277406", "level": "INFO", "message": "learner EnvMonitor [静默][task=track]: completed=1, abnormal=0, timeout=0, total_score=46.8448, step_avg=2756.0", "file": "monitor.py", "line": "182", "module": "learner", "process": "monitor", "function": "_handle_metrics", "stack": "", "pid": 439}
{"time": "2026-05-16 03:42:46.286779", "level": "INFO", "message": "learner EnvMonitor [静默][task=track]: completed=0, abnormal=0, timeout=0, total_score=0.0000, step_avg=0.0", "file": "monitor.py", "line": "182", "module": "learner", "process": "monitor", "function": "_handle_metrics", "stack": "", "pid": 439}
{"time": "2026-05-16 03:43:30.008654", "level": "WARNING", "message": "learner [eval term-debug] step=4001 term='time_out' fired on envs=[4, 7, 8, 13, 15]", "file": "base_env.py", "line": "2117", "module": "learner", "process": "base_env", "function": "step", "stack": "", "pid": 439}
{"time": "2026-05-16 03:43:30.009734", "level": "INFO", "message": "learner [eval single-life] 5 env(s) finished first episode (total done: 16/16)", "file": "base_env.py", "line": "2126", "module": "learner", "process": "base_env", "function": "step", "stack": "", "pid": 439}
{"time": "2026-05-16 03:43:30.017860", "level": "INFO", "message": "learner [eval single-life] All 16 envs have completed their first episode at frame 4001", "file": "base_env.py", "line": "2221", "module": "learner", "process": "base_env", "function": "step", "stack": "", "pid": 439}
{"time": "2026-05-16 03:43:30.020885", "level": "INFO", "message": "learner _build_end_info: task_type=track, total_score=42.19, episode_count=16, terrain_groups=4, export_detail_groups=4", "file": "base_env.py", "line": "2441", "module": "learner", "process": "base_env", "function": "_build_end_info", "stack": "", "pid": 439}
{"time": "2026-05-16 03:43:30.024521", "level": "INFO", "message": "learner TiledCamera 视频写入器已关闭: 16 个视频文件", "file": "video_writer.py", "line": "204", "module": "learner", "process": "video_writer", "function": "close", "stack": "", "pid": 439}
{"time": "2026-05-16 03:43:32.831872", "level": "INFO", "message": "learner json_file /workspace/battle/504588_2_1/result/504588_2_1.json create success, done_file /workspace/battle/504588_2_1/504588_2_1.done create success", "file": "base_env.py", "line": "2511", "module": "learner", "process": "base_env", "function": "make_json_and_done_file", "stack": "", "pid": 439}
{"time": "2026-05-16 03:43:32.833632", "level": "INFO", "message": "learner EnvMonitor: 正在关闭，执行最终上报...", "file": "monitor.py", "line": "122", "module": "learner", "process": "monitor", "function": "close", "stack": "", "pid": 439}
{"time": "2026-05-16 03:43:32.838424", "level": "INFO", "message": "learner EnvMonitor [静默][task=track]: completed=0, abnormal=0, timeout=5, total_score=0.0000, step_avg=4000.0", "file": "monitor.py", "line": "182", "module": "learner", "process": "monitor", "function": "_handle_metrics", "stack": "", "pid": 439}
{"time": "2026-05-16 03:43:33.244288", "level": "INFO", "message": "learner SimulationApp shutdown skipped (vGPU workaround), calling os._exit(0)", "file": "base_env.py", "line": "1768", "module": "learner", "process": "base_env", "function": "_shutdown_simulation_app", "stack": "", "pid": 439}
