{"time": "2026-05-16 03:36:04.292316", "level": "INFO", "message": "learner kaiwu_env start at pid 440", "file": "base_env.py", "line": "1135", "module": "learner", "process": "base_env", "function": "__init__", "stack": "", "pid": 440}
{"time": "2026-05-16 03:36:04.299660", "level": "INFO", "message": "learner isaac_env start at pid 440, env is <tools.base_env.base_env.Robot object at 0x7f7f04f43990>", "file": "isaac_env.py", "line": "91", "module": "learner", "process": "isaac_env", "function": "before_run", "stack": "", "pid": 440}
{"time": "2026-05-16 03:36:18.276602", "level": "INFO", "message": "learner SimulationApp started successfully (enable_cameras=True)", "file": "base_env.py", "line": "1227", "module": "learner", "process": "base_env", "function": "_launch_sim_app", "stack": "", "pid": 440}
{"time": "2026-05-16 03:36:18.565428", "level": "INFO", "message": "learner [terrain] Set terrain_type='generator', mode='track'", "file": "base_env.py", "line": "305", "module": "learner", "process": "base_env", "function": "_log", "stack": "", "pid": 440}
{"time": "2026-05-16 03:36:18.565823", "level": "INFO", "message": "learner [terrain] Switched reset_base to reset_root_state_track_start (track mode)", "file": "base_env.py", "line": "305", "module": "learner", "process": "base_env", "function": "_log", "stack": "", "pid": 440}
{"time": "2026-05-16 03:36:18.566081", "level": "INFO", "message": "learner [terrain] Eval mode: set terrain_generator.seed=0", "file": "base_env.py", "line": "305", "module": "learner", "process": "base_env", "function": "_log", "stack": "", "pid": 440}
{"time": "2026-05-16 03:36:18.566311", "level": "INFO", "message": "learner [seed] Eval mode: terrain_seed=0 (stable), env_cfg.seed=757283477 (from RANDOM_SEED, differs per round)", "file": "base_env.py", "line": "305", "module": "learner", "process": "base_env", "function": "_log", "stack": "", "pid": 440}
{"time": "2026-05-16 03:36:18.566470", "level": "INFO", "message": "learner [terrain] Set terrain_generator.difficulty_range=(0.0, 1.0)", "file": "base_env.py", "line": "305", "module": "learner", "process": "base_env", "function": "_log", "stack": "", "pid": 440}
{"time": "2026-05-16 03:36:18.566620", "level": "INFO", "message": "learner [terrain] Set terrain_generator.curriculum=False", "file": "base_env.py", "line": "305", "module": "learner", "process": "base_env", "function": "_log", "stack": "", "pid": 440}
{"time": "2026-05-16 03:36:18.566759", "level": "INFO", "message": "learner [terrain] Disabled curriculum.terrain_levels (curriculum=false)", "file": "base_env.py", "line": "305", "module": "learner", "process": "base_env", "function": "_log", "stack": "", "pid": 440}
{"time": "2026-05-16 03:36:18.566885", "level": "INFO", "message": "learner [terrain] Disabled curriculum.lin_vel_cmd_levels (curriculum=false)", "file": "base_env.py", "line": "305", "module": "learner", "process": "base_env", "function": "_log", "stack": "", "pid": 440}
{"time": "2026-05-16 03:36:18.567044", "level": "INFO", "message": "learner [terrain.track] Set track_length=1 (num_rows=1)", "file": "base_env.py", "line": "305", "module": "learner", "process": "base_env", "function": "_log", "stack": "", "pid": 440}
{"time": "2026-05-16 03:36:18.567170", "level": "INFO", "message": "learner [terrain.track] Set num_parallel_tracks=10 (num_cols=10)", "file": "base_env.py", "line": "305", "module": "learner", "process": "base_env", "function": "_log", "stack": "", "pid": 440}
{"time": "2026-05-16 03:36:18.567288", "level": "INFO", "message": "learner [terrain.track] Set sub_terrains_order=['open_entry_maze'] (from sub_terrains)", "file": "base_env.py", "line": "305", "module": "learner", "process": "base_env", "function": "_log", "stack": "", "pid": 440}
{"time": "2026-05-16 03:36:18.567423", "level": "INFO", "message": "learner [terrain] Eval level list: [6, 7, 8, 9]", "file": "base_env.py", "line": "305", "module": "learner", "process": "base_env", "function": "_log", "stack": "", "pid": 440}
{"time": "2026-05-16 03:36:18.567550", "level": "INFO", "message": "learner [terrain] Forced tg.curriculum=True so Isaac Lab uses curriculum terrain generation (fixed col→sub mapping); level placement stays deterministic via reset_root_state_eval_level_aware", "file": "base_env.py", "line": "305", "module": "learner", "process": "base_env", "function": "_log", "stack": "", "pid": 440}
{"time": "2026-05-16 03:36:18.567684", "level": "INFO", "message": "learner [terrain] Forced curriculum.terrain_levels=None (eval level list)", "file": "base_env.py", "line": "305", "module": "learner", "process": "base_env", "function": "_log", "stack": "", "pid": 440}
{"time": "2026-05-16 03:36:18.567804", "level": "INFO", "message": "learner [terrain] Switched reset_base to reset_root_state_eval_level_aware (eval level list)", "file": "base_env.py", "line": "305", "module": "learner", "process": "base_env", "function": "_log", "stack": "", "pid": 440}
{"time": "2026-05-16 03:36:18.567944", "level": "INFO", "message": "learner [init_state] Set robot init_state.pos=(0.0, 0.0, 0.35)", "file": "base_env.py", "line": "305", "module": "learner", "process": "base_env", "function": "_log", "stack": "", "pid": 440}
{"time": "2026-05-16 03:36:18.568075", "level": "INFO", "message": "learner [commands] Set resampling_time_range=(5.0, 5.0)", "file": "base_env.py", "line": "305", "module": "learner", "process": "base_env", "function": "_log", "stack": "", "pid": 440}
{"time": "2026-05-16 03:37:12.311890", "level": "WARNING", "message": "learner [eval term-debug] step=519 term='goal_reached' fired on envs=[2]", "file": "base_env.py", "line": "2117", "module": "learner", "process": "base_env", "function": "step", "stack": "", "pid": 440}
{"time": "2026-05-16 03:37:12.312504", "level": "INFO", "message": "learner [eval single-life] 1 env(s) finished first episode (total done: 1/16)", "file": "base_env.py", "line": "2126", "module": "learner", "process": "base_env", "function": "step", "stack": "", "pid": 440}
{"time": "2026-05-16 03:37:13.104699", "level": "WARNING", "message": "learner [eval term-debug] step=523 term='base_contact' fired on envs=[12]", "file": "base_env.py", "line": "2117", "module": "learner", "process": "base_env", "function": "step", "stack": "", "pid": 440}
{"time": "2026-05-16 03:37:13.105318", "level": "INFO", "message": "learner [eval single-life] 1 env(s) finished first episode (total done: 2/16)", "file": "base_env.py", "line": "2126", "module": "learner", "process": "base_env", "function": "step", "stack": "", "pid": 440}
{"time": "2026-05-16 03:37:14.956654", "level": "WARNING", "message": "learner [eval term-debug] step=542 term='goal_reached' fired on envs=[5]", "file": "base_env.py", "line": "2117", "module": "learner", "process": "base_env", "function": "step", "stack": "", "pid": 440}
{"time": "2026-05-16 03:37:14.957507", "level": "INFO", "message": "learner [eval single-life] 1 env(s) finished first episode (total done: 3/16)", "file": "base_env.py", "line": "2126", "module": "learner", "process": "base_env", "function": "step", "stack": "", "pid": 440}
{"time": "2026-05-16 03:37:16.231081", "level": "WARNING", "message": "learner [eval term-debug] step=555 term='goal_reached' fired on envs=[0]", "file": "base_env.py", "line": "2117", "module": "learner", "process": "base_env", "function": "step", "stack": "", "pid": 440}
{"time": "2026-05-16 03:37:16.231636", "level": "INFO", "message": "learner [eval single-life] 1 env(s) finished first episode (total done: 4/16)", "file": "base_env.py", "line": "2126", "module": "learner", "process": "base_env", "function": "step", "stack": "", "pid": 440}
{"time": "2026-05-16 03:37:17.008375", "level": "WARNING", "message": "learner [eval term-debug] step=563 term='goal_reached' fired on envs=[9]", "file": "base_env.py", "line": "2117", "module": "learner", "process": "base_env", "function": "step", "stack": "", "pid": 440}
{"time": "2026-05-16 03:37:17.008954", "level": "INFO", "message": "learner [eval single-life] 1 env(s) finished first episode (total done: 5/16)", "file": "base_env.py", "line": "2126", "module": "learner", "process": "base_env", "function": "step", "stack": "", "pid": 440}
{"time": "2026-05-16 03:37:17.698849", "level": "WARNING", "message": "learner [eval term-debug] step=570 term='goal_reached' fired on envs=[10]", "file": "base_env.py", "line": "2117", "module": "learner", "process": "base_env", "function": "step", "stack": "", "pid": 440}
{"time": "2026-05-16 03:37:17.699518", "level": "INFO", "message": "learner [eval single-life] 1 env(s) finished first episode (total done: 6/16)", "file": "base_env.py", "line": "2126", "module": "learner", "process": "base_env", "function": "step", "stack": "", "pid": 440}
{"time": "2026-05-16 03:37:18.276405", "level": "WARNING", "message": "learner [eval term-debug] step=576 term='goal_reached' fired on envs=[14]", "file": "base_env.py", "line": "2117", "module": "learner", "process": "base_env", "function": "step", "stack": "", "pid": 440}
{"time": "2026-05-16 03:37:18.276935", "level": "INFO", "message": "learner [eval single-life] 1 env(s) finished first episode (total done: 7/16)", "file": "base_env.py", "line": "2126", "module": "learner", "process": "base_env", "function": "step", "stack": "", "pid": 440}
{"time": "2026-05-16 03:37:18.782923", "level": "WARNING", "message": "learner [eval term-debug] step=581 term='goal_reached' fired on envs=[8]", "file": "base_env.py", "line": "2117", "module": "learner", "process": "base_env", "function": "step", "stack": "", "pid": 440}
{"time": "2026-05-16 03:37:18.783450", "level": "INFO", "message": "learner [eval single-life] 1 env(s) finished first episode (total done: 8/16)", "file": "base_env.py", "line": "2126", "module": "learner", "process": "base_env", "function": "step", "stack": "", "pid": 440}
{"time": "2026-05-16 03:37:19.276809", "level": "WARNING", "message": "learner [eval term-debug] step=586 term='goal_reached' fired on envs=[4]", "file": "base_env.py", "line": "2117", "module": "learner", "process": "base_env", "function": "step", "stack": "", "pid": 440}
{"time": "2026-05-16 03:37:19.277351", "level": "INFO", "message": "learner [eval single-life] 1 env(s) finished first episode (total done: 9/16)", "file": "base_env.py", "line": "2126", "module": "learner", "process": "base_env", "function": "step", "stack": "", "pid": 440}
{"time": "2026-05-16 03:37:19.770322", "level": "WARNING", "message": "learner [eval term-debug] step=591 term='goal_reached' fired on envs=[6]", "file": "base_env.py", "line": "2117", "module": "learner", "process": "base_env", "function": "step", "stack": "", "pid": 440}
{"time": "2026-05-16 03:37:19.770860", "level": "INFO", "message": "learner [eval single-life] 1 env(s) finished first episode (total done: 10/16)", "file": "base_env.py", "line": "2126", "module": "learner", "process": "base_env", "function": "step", "stack": "", "pid": 440}
{"time": "2026-05-16 03:37:21.758727", "level": "WARNING", "message": "learner [eval term-debug] step=612 term='goal_reached' fired on envs=[7]", "file": "base_env.py", "line": "2117", "module": "learner", "process": "base_env", "function": "step", "stack": "", "pid": 440}
{"time": "2026-05-16 03:37:21.759293", "level": "INFO", "message": "learner [eval single-life] 1 env(s) finished first episode (total done: 11/16)", "file": "base_env.py", "line": "2126", "module": "learner", "process": "base_env", "function": "step", "stack": "", "pid": 440}
{"time": "2026-05-16 03:37:22.517481", "level": "WARNING", "message": "learner [eval term-debug] step=620 term='goal_reached' fired on envs=[13]", "file": "base_env.py", "line": "2117", "module": "learner", "process": "base_env", "function": "step", "stack": "", "pid": 440}
{"time": "2026-05-16 03:37:22.517972", "level": "INFO", "message": "learner [eval single-life] 1 env(s) finished first episode (total done: 12/16)", "file": "base_env.py", "line": "2126", "module": "learner", "process": "base_env", "function": "step", "stack": "", "pid": 440}
{"time": "2026-05-16 03:37:24.318192", "level": "INFO", "message": "learner EnvMonitor [静默][task=track]: completed=11, abnormal=1, timeout=0, total_score=56.6117, step_avg=569.0", "file": "monitor.py", "line": "182", "module": "learner", "process": "monitor", "function": "_handle_metrics", "stack": "", "pid": 440}
{"time": "2026-05-16 03:37:25.764970", "level": "WARNING", "message": "learner [eval term-debug] step=646 term='goal_reached' fired on envs=[1]", "file": "base_env.py", "line": "2117", "module": "learner", "process": "base_env", "function": "step", "stack": "", "pid": 440}
{"time": "2026-05-16 03:37:25.765486", "level": "INFO", "message": "learner [eval single-life] 1 env(s) finished first episode (total done: 13/16)", "file": "base_env.py", "line": "2126", "module": "learner", "process": "base_env", "function": "step", "stack": "", "pid": 440}
{"time": "2026-05-16 03:37:36.355133", "level": "WARNING", "message": "learner [eval term-debug] step=765 term='goal_reached' fired on envs=[3]", "file": "base_env.py", "line": "2117", "module": "learner", "process": "base_env", "function": "step", "stack": "", "pid": 440}
{"time": "2026-05-16 03:37:36.355733", "level": "INFO", "message": "learner [eval single-life] 1 env(s) finished first episode (total done: 14/16)", "file": "base_env.py", "line": "2126", "module": "learner", "process": "base_env", "function": "step", "stack": "", "pid": 440}
{"time": "2026-05-16 03:37:43.155206", "level": "WARNING", "message": "learner [eval term-debug] step=836 term='goal_reached' fired on envs=[15]", "file": "base_env.py", "line": "2117", "module": "learner", "process": "base_env", "function": "step", "stack": "", "pid": 440}
{"time": "2026-05-16 03:37:43.155938", "level": "INFO", "message": "learner [eval single-life] 1 env(s) finished first episode (total done: 15/16)", "file": "base_env.py", "line": "2126", "module": "learner", "process": "base_env", "function": "step", "stack": "", "pid": 440}
{"time": "2026-05-16 03:38:24.353847", "level": "INFO", "message": "learner EnvMonitor [静默][task=track]: completed=3, abnormal=0, timeout=0, total_score=58.3482, step_avg=748.0", "file": "monitor.py", "line": "182", "module": "learner", "process": "monitor", "function": "_handle_metrics", "stack": "", "pid": 440}
{"time": "2026-05-16 03:39:24.419740", "level": "INFO", "message": "learner EnvMonitor [静默][task=track]: completed=0, abnormal=0, timeout=0, total_score=0.0000, step_avg=0.0", "file": "monitor.py", "line": "182", "module": "learner", "process": "monitor", "function": "_handle_metrics", "stack": "", "pid": 440}
{"time": "2026-05-16 03:40:24.464085", "level": "INFO", "message": "learner EnvMonitor [静默][task=track]: completed=0, abnormal=0, timeout=0, total_score=0.0000, step_avg=0.0", "file": "monitor.py", "line": "182", "module": "learner", "process": "monitor", "function": "_handle_metrics", "stack": "", "pid": 440}
{"time": "2026-05-16 03:41:24.527009", "level": "INFO", "message": "learner EnvMonitor [静默][task=track]: completed=0, abnormal=0, timeout=0, total_score=0.0000, step_avg=0.0", "file": "monitor.py", "line": "182", "module": "learner", "process": "monitor", "function": "_handle_metrics", "stack": "", "pid": 440}
{"time": "2026-05-16 03:42:24.573196", "level": "INFO", "message": "learner EnvMonitor [静默][task=track]: completed=0, abnormal=0, timeout=0, total_score=0.0000, step_avg=0.0", "file": "monitor.py", "line": "182", "module": "learner", "process": "monitor", "function": "_handle_metrics", "stack": "", "pid": 440}
{"time": "2026-05-16 03:43:10.880126", "level": "WARNING", "message": "learner [eval term-debug] step=4001 term='time_out' fired on envs=[11]", "file": "base_env.py", "line": "2117", "module": "learner", "process": "base_env", "function": "step", "stack": "", "pid": 440}
{"time": "2026-05-16 03:43:10.880742", "level": "INFO", "message": "learner [eval single-life] 1 env(s) finished first episode (total done: 16/16)", "file": "base_env.py", "line": "2126", "module": "learner", "process": "base_env", "function": "step", "stack": "", "pid": 440}
{"time": "2026-05-16 03:43:10.887520", "level": "INFO", "message": "learner [eval single-life] All 16 envs have completed their first episode at frame 4001", "file": "base_env.py", "line": "2221", "module": "learner", "process": "base_env", "function": "step", "stack": "", "pid": 440}
{"time": "2026-05-16 03:43:10.889987", "level": "INFO", "message": "learner _build_end_info: task_type=track, total_score=53.4, episode_count=16, terrain_groups=4, export_detail_groups=4", "file": "base_env.py", "line": "2441", "module": "learner", "process": "base_env", "function": "_build_end_info", "stack": "", "pid": 440}
{"time": "2026-05-16 03:43:10.892581", "level": "INFO", "message": "learner TiledCamera 视频写入器已关闭: 16 个视频文件", "file": "video_writer.py", "line": "204", "module": "learner", "process": "video_writer", "function": "close", "stack": "", "pid": 440}
{"time": "2026-05-16 03:43:12.858354", "level": "INFO", "message": "learner json_file /workspace/battle/504588_1_1/result/504588_1_1.json create success, done_file /workspace/battle/504588_1_1/504588_1_1.done create success", "file": "base_env.py", "line": "2511", "module": "learner", "process": "base_env", "function": "make_json_and_done_file", "stack": "", "pid": 440}
{"time": "2026-05-16 03:43:12.860161", "level": "INFO", "message": "learner EnvMonitor: 正在关闭，执行最终上报...", "file": "monitor.py", "line": "122", "module": "learner", "process": "monitor", "function": "close", "stack": "", "pid": 440}
{"time": "2026-05-16 03:43:12.862454", "level": "INFO", "message": "learner EnvMonitor [静默][task=track]: completed=0, abnormal=0, timeout=1, total_score=0.0000, step_avg=4000.0", "file": "monitor.py", "line": "182", "module": "learner", "process": "monitor", "function": "_handle_metrics", "stack": "", "pid": 440}
{"time": "2026-05-16 03:43:13.273679", "level": "INFO", "message": "learner SimulationApp shutdown skipped (vGPU workaround), calling os._exit(0)", "file": "base_env.py", "line": "1768", "module": "learner", "process": "base_env", "function": "_shutdown_simulation_app", "stack": "", "pid": 440}
