{"time": "2026-05-15 06:57:26.633177", "level": "INFO", "message": "learner kaiwu_env start at pid 437", "file": "base_env.py", "line": "1135", "module": "learner", "process": "base_env", "function": "__init__", "stack": "", "pid": 437}
{"time": "2026-05-15 06:57:26.640325", "level": "INFO", "message": "learner isaac_env start at pid 437, env is <tools.base_env.base_env.Robot object at 0x7f322b714a50>", "file": "isaac_env.py", "line": "91", "module": "learner", "process": "isaac_env", "function": "before_run", "stack": "", "pid": 437}
{"time": "2026-05-15 06:57:41.131228", "level": "INFO", "message": "learner SimulationApp started successfully (enable_cameras=True)", "file": "base_env.py", "line": "1227", "module": "learner", "process": "base_env", "function": "_launch_sim_app", "stack": "", "pid": 437}
{"time": "2026-05-15 06:57:41.419276", "level": "INFO", "message": "learner [terrain] Set terrain_type='generator', mode='track'", "file": "base_env.py", "line": "305", "module": "learner", "process": "base_env", "function": "_log", "stack": "", "pid": 437}
{"time": "2026-05-15 06:57:41.419587", "level": "INFO", "message": "learner [terrain] Switched reset_base to reset_root_state_track_start (track mode)", "file": "base_env.py", "line": "305", "module": "learner", "process": "base_env", "function": "_log", "stack": "", "pid": 437}
{"time": "2026-05-15 06:57:41.419738", "level": "INFO", "message": "learner [terrain] Eval mode: set terrain_generator.seed=0", "file": "base_env.py", "line": "305", "module": "learner", "process": "base_env", "function": "_log", "stack": "", "pid": 437}
{"time": "2026-05-15 06:57:41.419886", "level": "INFO", "message": "learner [seed] Eval mode: terrain_seed=0 (stable), env_cfg.seed=682965782 (from RANDOM_SEED, differs per round)", "file": "base_env.py", "line": "305", "module": "learner", "process": "base_env", "function": "_log", "stack": "", "pid": 437}
{"time": "2026-05-15 06:57:41.420027", "level": "INFO", "message": "learner [terrain] Set terrain_generator.difficulty_range=(0.0, 1.0)", "file": "base_env.py", "line": "305", "module": "learner", "process": "base_env", "function": "_log", "stack": "", "pid": 437}
{"time": "2026-05-15 06:57:41.420158", "level": "INFO", "message": "learner [terrain] Set terrain_generator.curriculum=False", "file": "base_env.py", "line": "305", "module": "learner", "process": "base_env", "function": "_log", "stack": "", "pid": 437}
{"time": "2026-05-15 06:57:41.420273", "level": "INFO", "message": "learner [terrain] Disabled curriculum.terrain_levels (curriculum=false)", "file": "base_env.py", "line": "305", "module": "learner", "process": "base_env", "function": "_log", "stack": "", "pid": 437}
{"time": "2026-05-15 06:57:41.420384", "level": "INFO", "message": "learner [terrain] Disabled curriculum.lin_vel_cmd_levels (curriculum=false)", "file": "base_env.py", "line": "305", "module": "learner", "process": "base_env", "function": "_log", "stack": "", "pid": 437}
{"time": "2026-05-15 06:57:41.420525", "level": "INFO", "message": "learner [terrain.track] Set track_length=1 (num_rows=1)", "file": "base_env.py", "line": "305", "module": "learner", "process": "base_env", "function": "_log", "stack": "", "pid": 437}
{"time": "2026-05-15 06:57:41.420643", "level": "INFO", "message": "learner [terrain.track] Set num_parallel_tracks=10 (num_cols=10)", "file": "base_env.py", "line": "305", "module": "learner", "process": "base_env", "function": "_log", "stack": "", "pid": 437}
{"time": "2026-05-15 06:57:41.420756", "level": "INFO", "message": "learner [terrain.track] Set sub_terrains_order=['open_entry_maze'] (from sub_terrains)", "file": "base_env.py", "line": "305", "module": "learner", "process": "base_env", "function": "_log", "stack": "", "pid": 437}
{"time": "2026-05-15 06:57:41.420886", "level": "INFO", "message": "learner [terrain] Eval level list: [0, 1, 2, 3]", "file": "base_env.py", "line": "305", "module": "learner", "process": "base_env", "function": "_log", "stack": "", "pid": 437}
{"time": "2026-05-15 06:57:41.421004", "level": "INFO", "message": "learner [terrain] Forced tg.curriculum=True so Isaac Lab uses curriculum terrain generation (fixed col→sub mapping); level placement stays deterministic via reset_root_state_eval_level_aware", "file": "base_env.py", "line": "305", "module": "learner", "process": "base_env", "function": "_log", "stack": "", "pid": 437}
{"time": "2026-05-15 06:57:41.421136", "level": "INFO", "message": "learner [terrain] Forced curriculum.terrain_levels=None (eval level list)", "file": "base_env.py", "line": "305", "module": "learner", "process": "base_env", "function": "_log", "stack": "", "pid": 437}
{"time": "2026-05-15 06:57:41.421250", "level": "INFO", "message": "learner [terrain] Switched reset_base to reset_root_state_eval_level_aware (eval level list)", "file": "base_env.py", "line": "305", "module": "learner", "process": "base_env", "function": "_log", "stack": "", "pid": 437}
{"time": "2026-05-15 06:57:41.421372", "level": "INFO", "message": "learner [init_state] Set robot init_state.pos=(0.0, 0.0, 0.35)", "file": "base_env.py", "line": "305", "module": "learner", "process": "base_env", "function": "_log", "stack": "", "pid": 437}
{"time": "2026-05-15 06:57:41.421505", "level": "INFO", "message": "learner [commands] Set resampling_time_range=(300.0, 300.0)", "file": "base_env.py", "line": "305", "module": "learner", "process": "base_env", "function": "_log", "stack": "", "pid": 437}
{"time": "2026-05-15 06:58:06.663640", "level": "WARNING", "message": "learner [eval term-debug] step=220 term='bad_orientation' fired on envs=[10]", "file": "base_env.py", "line": "2117", "module": "learner", "process": "base_env", "function": "step", "stack": "", "pid": 437}
{"time": "2026-05-15 06:58:09.801257", "level": "WARNING", "message": "learner [eval term-debug] step=253 term='bad_orientation' fired on envs=[11]", "file": "base_env.py", "line": "2117", "module": "learner", "process": "base_env", "function": "step", "stack": "", "pid": 437}
{"time": "2026-05-15 06:58:09.980194", "level": "WARNING", "message": "learner [eval term-debug] step=255 term='bad_orientation' fired on envs=[15]", "file": "base_env.py", "line": "2117", "module": "learner", "process": "base_env", "function": "step", "stack": "", "pid": 437}
{"time": "2026-05-15 06:58:11.971552", "level": "WARNING", "message": "learner [eval term-debug] step=279 term='bad_orientation' fired on envs=[2]", "file": "base_env.py", "line": "2117", "module": "learner", "process": "base_env", "function": "step", "stack": "", "pid": 437}
{"time": "2026-05-15 06:58:14.496530", "level": "WARNING", "message": "learner [eval term-debug] step=310 term='bad_orientation' fired on envs=[7]", "file": "base_env.py", "line": "2117", "module": "learner", "process": "base_env", "function": "step", "stack": "", "pid": 437}
{"time": "2026-05-15 06:58:14.583928", "level": "WARNING", "message": "learner [eval term-debug] step=311 term='base_contact' fired on envs=[0]", "file": "base_env.py", "line": "2117", "module": "learner", "process": "base_env", "function": "step", "stack": "", "pid": 437}
{"time": "2026-05-15 06:58:14.826509", "level": "WARNING", "message": "learner [eval term-debug] step=314 term='bad_orientation' fired on envs=[6]", "file": "base_env.py", "line": "2117", "module": "learner", "process": "base_env", "function": "step", "stack": "", "pid": 437}
{"time": "2026-05-15 06:58:15.891024", "level": "WARNING", "message": "learner [eval term-debug] step=328 term='bad_orientation' fired on envs=[1]", "file": "base_env.py", "line": "2117", "module": "learner", "process": "base_env", "function": "step", "stack": "", "pid": 437}
{"time": "2026-05-15 06:58:17.555198", "level": "WARNING", "message": "learner [eval term-debug] step=350 term='bad_orientation' fired on envs=[9]", "file": "base_env.py", "line": "2117", "module": "learner", "process": "base_env", "function": "step", "stack": "", "pid": 437}
{"time": "2026-05-15 06:58:20.294956", "level": "WARNING", "message": "learner [eval term-debug] step=387 term='bad_orientation' fired on envs=[5]", "file": "base_env.py", "line": "2117", "module": "learner", "process": "base_env", "function": "step", "stack": "", "pid": 437}
{"time": "2026-05-15 06:58:34.032256", "level": "WARNING", "message": "learner [eval term-debug] step=577 term='bad_orientation' fired on envs=[4]", "file": "base_env.py", "line": "2117", "module": "learner", "process": "base_env", "function": "step", "stack": "", "pid": 437}
{"time": "2026-05-15 06:58:34.032793", "level": "INFO", "message": "learner [eval single-life] 1 env(s) finished first episode (total done: 11/16)", "file": "base_env.py", "line": "2126", "module": "learner", "process": "base_env", "function": "step", "stack": "", "pid": 437}
{"time": "2026-05-15 06:58:47.263726", "level": "INFO", "message": "learner EnvMonitor [静默][task=track]: completed=0, abnormal=11, timeout=0, total_score=0.0000, step_avg=325.0", "file": "monitor.py", "line": "182", "module": "learner", "process": "monitor", "function": "_handle_metrics", "stack": "", "pid": 437}
{"time": "2026-05-15 06:58:52.544576", "level": "WARNING", "message": "learner [eval term-debug] step=840 term='bad_orientation' fired on envs=[12]", "file": "base_env.py", "line": "2117", "module": "learner", "process": "base_env", "function": "step", "stack": "", "pid": 437}
{"time": "2026-05-15 06:58:52.545062", "level": "INFO", "message": "learner [eval single-life] 1 env(s) finished first episode (total done: 12/16)", "file": "base_env.py", "line": "2126", "module": "learner", "process": "base_env", "function": "step", "stack": "", "pid": 437}
{"time": "2026-05-15 06:58:53.377811", "level": "WARNING", "message": "learner [eval term-debug] step=852 term='bad_orientation' fired on envs=[14]", "file": "base_env.py", "line": "2117", "module": "learner", "process": "base_env", "function": "step", "stack": "", "pid": 437}
{"time": "2026-05-15 06:58:53.378338", "level": "INFO", "message": "learner [eval single-life] 1 env(s) finished first episode (total done: 13/16)", "file": "base_env.py", "line": "2126", "module": "learner", "process": "base_env", "function": "step", "stack": "", "pid": 437}
{"time": "2026-05-15 06:58:57.881277", "level": "WARNING", "message": "learner [eval term-debug] step=919 term='bad_orientation' fired on envs=[13]", "file": "base_env.py", "line": "2117", "module": "learner", "process": "base_env", "function": "step", "stack": "", "pid": 437}
{"time": "2026-05-15 06:58:57.881836", "level": "INFO", "message": "learner [eval single-life] 1 env(s) finished first episode (total done: 14/16)", "file": "base_env.py", "line": "2126", "module": "learner", "process": "base_env", "function": "step", "stack": "", "pid": 437}
{"time": "2026-05-15 06:59:21.023267", "level": "WARNING", "message": "learner [eval term-debug] step=1273 term='bad_orientation' fired on envs=[8]", "file": "base_env.py", "line": "2117", "module": "learner", "process": "base_env", "function": "step", "stack": "", "pid": 437}
{"time": "2026-05-15 06:59:21.023801", "level": "INFO", "message": "learner [eval single-life] 1 env(s) finished first episode (total done: 15/16)", "file": "base_env.py", "line": "2126", "module": "learner", "process": "base_env", "function": "step", "stack": "", "pid": 437}
{"time": "2026-05-15 06:59:47.321672", "level": "INFO", "message": "learner EnvMonitor [静默][task=track]: completed=0, abnormal=4, timeout=0, total_score=0.0000, step_avg=970.0", "file": "monitor.py", "line": "182", "module": "learner", "process": "monitor", "function": "_handle_metrics", "stack": "", "pid": 437}
{"time": "2026-05-15 07:00:27.352422", "level": "WARNING", "message": "learner [eval term-debug] step=2322 term='bad_orientation' fired on envs=[3]", "file": "base_env.py", "line": "2117", "module": "learner", "process": "base_env", "function": "step", "stack": "", "pid": 437}
{"time": "2026-05-15 07:00:27.353017", "level": "INFO", "message": "learner [eval single-life] 1 env(s) finished first episode (total done: 16/16)", "file": "base_env.py", "line": "2126", "module": "learner", "process": "base_env", "function": "step", "stack": "", "pid": 437}
{"time": "2026-05-15 07:00:27.357145", "level": "INFO", "message": "learner [eval single-life] All 16 envs have completed their first episode at frame 2322", "file": "base_env.py", "line": "2221", "module": "learner", "process": "base_env", "function": "step", "stack": "", "pid": 437}
{"time": "2026-05-15 07:00:27.359171", "level": "INFO", "message": "learner _build_end_info: task_type=track, total_score=0.0, episode_count=16, terrain_groups=4, export_detail_groups=4", "file": "base_env.py", "line": "2441", "module": "learner", "process": "base_env", "function": "_build_end_info", "stack": "", "pid": 437}
{"time": "2026-05-15 07:00:27.361653", "level": "INFO", "message": "learner TiledCamera 视频写入器已关闭: 16 个视频文件", "file": "video_writer.py", "line": "204", "module": "learner", "process": "video_writer", "function": "close", "stack": "", "pid": 437}
{"time": "2026-05-15 07:00:29.045510", "level": "INFO", "message": "learner json_file /workspace/battle/503371_1_1/result/503371_1_1.json create success, done_file /workspace/battle/503371_1_1/503371_1_1.done create success", "file": "base_env.py", "line": "2511", "module": "learner", "process": "base_env", "function": "make_json_and_done_file", "stack": "", "pid": 437}
{"time": "2026-05-15 07:00:29.047132", "level": "INFO", "message": "learner EnvMonitor: 正在关闭，执行最终上报...", "file": "monitor.py", "line": "122", "module": "learner", "process": "monitor", "function": "close", "stack": "", "pid": 437}
{"time": "2026-05-15 07:00:29.049082", "level": "INFO", "message": "learner EnvMonitor [静默][task=track]: completed=0, abnormal=1, timeout=0, total_score=0.0000, step_avg=2321.0", "file": "monitor.py", "line": "182", "module": "learner", "process": "monitor", "function": "_handle_metrics", "stack": "", "pid": 437}
{"time": "2026-05-15 07:00:29.442995", "level": "INFO", "message": "learner SimulationApp shutdown skipped (vGPU workaround), calling os._exit(0)", "file": "base_env.py", "line": "1768", "module": "learner", "process": "base_env", "function": "_shutdown_simulation_app", "stack": "", "pid": 437}
