{"time": "2026-05-15 07:28:48.560688", "level": "INFO", "message": "learner kaiwu_env start at pid 438", "file": "base_env.py", "line": "1135", "module": "learner", "process": "base_env", "function": "__init__", "stack": "", "pid": 438}
{"time": "2026-05-15 07:28:48.568072", "level": "INFO", "message": "learner isaac_env start at pid 438, env is <tools.base_env.base_env.Robot object at 0x7f1f6e30a7d0>", "file": "isaac_env.py", "line": "91", "module": "learner", "process": "isaac_env", "function": "before_run", "stack": "", "pid": 438}
{"time": "2026-05-15 07:29:01.845515", "level": "INFO", "message": "learner SimulationApp started successfully (enable_cameras=True)", "file": "base_env.py", "line": "1227", "module": "learner", "process": "base_env", "function": "_launch_sim_app", "stack": "", "pid": 438}
{"time": "2026-05-15 07:29:02.143884", "level": "INFO", "message": "learner [terrain] Set terrain_type='generator', mode='track'", "file": "base_env.py", "line": "305", "module": "learner", "process": "base_env", "function": "_log", "stack": "", "pid": 438}
{"time": "2026-05-15 07:29:02.144202", "level": "INFO", "message": "learner [terrain] Switched reset_base to reset_root_state_track_start (track mode)", "file": "base_env.py", "line": "305", "module": "learner", "process": "base_env", "function": "_log", "stack": "", "pid": 438}
{"time": "2026-05-15 07:29:02.144357", "level": "INFO", "message": "learner [terrain] Eval mode: set terrain_generator.seed=0", "file": "base_env.py", "line": "305", "module": "learner", "process": "base_env", "function": "_log", "stack": "", "pid": 438}
{"time": "2026-05-15 07:29:02.144505", "level": "INFO", "message": "learner [seed] Eval mode: terrain_seed=0 (stable), env_cfg.seed=684847740 (from RANDOM_SEED, differs per round)", "file": "base_env.py", "line": "305", "module": "learner", "process": "base_env", "function": "_log", "stack": "", "pid": 438}
{"time": "2026-05-15 07:29:02.144648", "level": "INFO", "message": "learner [terrain] Set terrain_generator.difficulty_range=(0.0, 1.0)", "file": "base_env.py", "line": "305", "module": "learner", "process": "base_env", "function": "_log", "stack": "", "pid": 438}
{"time": "2026-05-15 07:29:02.144780", "level": "INFO", "message": "learner [terrain] Set terrain_generator.curriculum=False", "file": "base_env.py", "line": "305", "module": "learner", "process": "base_env", "function": "_log", "stack": "", "pid": 438}
{"time": "2026-05-15 07:29:02.144897", "level": "INFO", "message": "learner [terrain] Disabled curriculum.terrain_levels (curriculum=false)", "file": "base_env.py", "line": "305", "module": "learner", "process": "base_env", "function": "_log", "stack": "", "pid": 438}
{"time": "2026-05-15 07:29:02.145014", "level": "INFO", "message": "learner [terrain] Disabled curriculum.lin_vel_cmd_levels (curriculum=false)", "file": "base_env.py", "line": "305", "module": "learner", "process": "base_env", "function": "_log", "stack": "", "pid": 438}
{"time": "2026-05-15 07:29:02.145158", "level": "INFO", "message": "learner [terrain.track] Set track_length=1 (num_rows=1)", "file": "base_env.py", "line": "305", "module": "learner", "process": "base_env", "function": "_log", "stack": "", "pid": 438}
{"time": "2026-05-15 07:29:02.145278", "level": "INFO", "message": "learner [terrain.track] Set num_parallel_tracks=10 (num_cols=10)", "file": "base_env.py", "line": "305", "module": "learner", "process": "base_env", "function": "_log", "stack": "", "pid": 438}
{"time": "2026-05-15 07:29:02.145396", "level": "INFO", "message": "learner [terrain.track] Set sub_terrains_order=['open_entry_maze'] (from sub_terrains)", "file": "base_env.py", "line": "305", "module": "learner", "process": "base_env", "function": "_log", "stack": "", "pid": 438}
{"time": "2026-05-15 07:29:02.145535", "level": "INFO", "message": "learner [terrain] Eval level list: [0, 1, 2, 3]", "file": "base_env.py", "line": "305", "module": "learner", "process": "base_env", "function": "_log", "stack": "", "pid": 438}
{"time": "2026-05-15 07:29:02.145658", "level": "INFO", "message": "learner [terrain] Forced tg.curriculum=True so Isaac Lab uses curriculum terrain generation (fixed col→sub mapping); level placement stays deterministic via reset_root_state_eval_level_aware", "file": "base_env.py", "line": "305", "module": "learner", "process": "base_env", "function": "_log", "stack": "", "pid": 438}
{"time": "2026-05-15 07:29:02.145805", "level": "INFO", "message": "learner [terrain] Forced curriculum.terrain_levels=None (eval level list)", "file": "base_env.py", "line": "305", "module": "learner", "process": "base_env", "function": "_log", "stack": "", "pid": 438}
{"time": "2026-05-15 07:29:02.145926", "level": "INFO", "message": "learner [terrain] Switched reset_base to reset_root_state_eval_level_aware (eval level list)", "file": "base_env.py", "line": "305", "module": "learner", "process": "base_env", "function": "_log", "stack": "", "pid": 438}
{"time": "2026-05-15 07:29:02.146060", "level": "INFO", "message": "learner [init_state] Set robot init_state.pos=(0.0, 0.0, 0.35)", "file": "base_env.py", "line": "305", "module": "learner", "process": "base_env", "function": "_log", "stack": "", "pid": 438}
{"time": "2026-05-15 07:29:02.146187", "level": "INFO", "message": "learner [commands] Set resampling_time_range=(300.0, 300.0)", "file": "base_env.py", "line": "305", "module": "learner", "process": "base_env", "function": "_log", "stack": "", "pid": 438}
{"time": "2026-05-15 07:29:23.774672", "level": "WARNING", "message": "learner [eval term-debug] step=174 term='bad_orientation' fired on envs=[1]", "file": "base_env.py", "line": "2117", "module": "learner", "process": "base_env", "function": "step", "stack": "", "pid": 438}
{"time": "2026-05-15 07:29:27.640451", "level": "WARNING", "message": "learner [eval term-debug] step=215 term='bad_orientation' fired on envs=[10]", "file": "base_env.py", "line": "2117", "module": "learner", "process": "base_env", "function": "step", "stack": "", "pid": 438}
{"time": "2026-05-15 07:29:30.182553", "level": "WARNING", "message": "learner [eval term-debug] step=245 term='bad_orientation' fired on envs=[11]", "file": "base_env.py", "line": "2117", "module": "learner", "process": "base_env", "function": "step", "stack": "", "pid": 438}
{"time": "2026-05-15 07:29:31.025539", "level": "WARNING", "message": "learner [eval term-debug] step=255 term='bad_orientation' fired on envs=[2]", "file": "base_env.py", "line": "2117", "module": "learner", "process": "base_env", "function": "step", "stack": "", "pid": 438}
{"time": "2026-05-15 07:29:36.272967", "level": "WARNING", "message": "learner [eval term-debug] step=319 term='bad_orientation' fired on envs=[6]", "file": "base_env.py", "line": "2117", "module": "learner", "process": "base_env", "function": "step", "stack": "", "pid": 438}
{"time": "2026-05-15 07:29:41.741336", "level": "WARNING", "message": "learner [eval term-debug] step=387 term='bad_orientation' fired on envs=[13]", "file": "base_env.py", "line": "2117", "module": "learner", "process": "base_env", "function": "step", "stack": "", "pid": 438}
{"time": "2026-05-15 07:29:42.141724", "level": "WARNING", "message": "learner [eval term-debug] step=392 term='bad_orientation' fired on envs=[12]", "file": "base_env.py", "line": "2117", "module": "learner", "process": "base_env", "function": "step", "stack": "", "pid": 438}
{"time": "2026-05-15 07:29:46.512612", "level": "WARNING", "message": "learner [eval term-debug] step=448 term='bad_orientation' fired on envs=[0]", "file": "base_env.py", "line": "2117", "module": "learner", "process": "base_env", "function": "step", "stack": "", "pid": 438}
{"time": "2026-05-15 07:29:49.281179", "level": "WARNING", "message": "learner [eval term-debug] step=484 term='bad_orientation' fired on envs=[9]", "file": "base_env.py", "line": "2117", "module": "learner", "process": "base_env", "function": "step", "stack": "", "pid": 438}
{"time": "2026-05-15 07:29:49.281667", "level": "INFO", "message": "learner [eval single-life] 1 env(s) finished first episode (total done: 9/16)", "file": "base_env.py", "line": "2126", "module": "learner", "process": "base_env", "function": "step", "stack": "", "pid": 438}
{"time": "2026-05-15 07:29:59.925880", "level": "WARNING", "message": "learner [eval term-debug] step=627 term='bad_orientation' fired on envs=[14]", "file": "base_env.py", "line": "2117", "module": "learner", "process": "base_env", "function": "step", "stack": "", "pid": 438}
{"time": "2026-05-15 07:29:59.926421", "level": "INFO", "message": "learner [eval single-life] 1 env(s) finished first episode (total done: 10/16)", "file": "base_env.py", "line": "2126", "module": "learner", "process": "base_env", "function": "step", "stack": "", "pid": 438}
{"time": "2026-05-15 07:30:04.261511", "level": "WARNING", "message": "learner [eval term-debug] step=686 term='bad_orientation' fired on envs=[8]", "file": "base_env.py", "line": "2117", "module": "learner", "process": "base_env", "function": "step", "stack": "", "pid": 438}
{"time": "2026-05-15 07:30:04.262031", "level": "INFO", "message": "learner [eval single-life] 1 env(s) finished first episode (total done: 11/16)", "file": "base_env.py", "line": "2126", "module": "learner", "process": "base_env", "function": "step", "stack": "", "pid": 438}
{"time": "2026-05-15 07:30:05.413830", "level": "WARNING", "message": "learner [eval term-debug] step=702 term='bad_orientation' fired on envs=[15]", "file": "base_env.py", "line": "2117", "module": "learner", "process": "base_env", "function": "step", "stack": "", "pid": 438}
{"time": "2026-05-15 07:30:05.414376", "level": "INFO", "message": "learner [eval single-life] 1 env(s) finished first episode (total done: 12/16)", "file": "base_env.py", "line": "2126", "module": "learner", "process": "base_env", "function": "step", "stack": "", "pid": 438}
{"time": "2026-05-15 07:30:07.808246", "level": "INFO", "message": "learner EnvMonitor [静默][task=track]: completed=0, abnormal=12, timeout=0, total_score=0.0000, step_avg=410.0", "file": "monitor.py", "line": "182", "module": "learner", "process": "monitor", "function": "_handle_metrics", "stack": "", "pid": 438}
{"time": "2026-05-15 07:30:38.153768", "level": "WARNING", "message": "learner [eval term-debug] step=1167 term='bad_orientation' fired on envs=[3]", "file": "base_env.py", "line": "2117", "module": "learner", "process": "base_env", "function": "step", "stack": "", "pid": 438}
{"time": "2026-05-15 07:30:38.154303", "level": "INFO", "message": "learner [eval single-life] 1 env(s) finished first episode (total done: 13/16)", "file": "base_env.py", "line": "2126", "module": "learner", "process": "base_env", "function": "step", "stack": "", "pid": 438}
{"time": "2026-05-15 07:31:07.864408", "level": "INFO", "message": "learner EnvMonitor [静默][task=track]: completed=0, abnormal=1, timeout=0, total_score=0.0000, step_avg=1166.0", "file": "monitor.py", "line": "182", "module": "learner", "process": "monitor", "function": "_handle_metrics", "stack": "", "pid": 438}
{"time": "2026-05-15 07:32:07.886768", "level": "INFO", "message": "learner EnvMonitor [静默][task=track]: completed=0, abnormal=0, timeout=0, total_score=0.0000, step_avg=0.0", "file": "monitor.py", "line": "182", "module": "learner", "process": "monitor", "function": "_handle_metrics", "stack": "", "pid": 438}
{"time": "2026-05-15 07:33:07.924870", "level": "INFO", "message": "learner EnvMonitor [静默][task=track]: completed=0, abnormal=0, timeout=0, total_score=0.0000, step_avg=0.0", "file": "monitor.py", "line": "182", "module": "learner", "process": "monitor", "function": "_handle_metrics", "stack": "", "pid": 438}
{"time": "2026-05-15 07:33:51.627165", "level": "WARNING", "message": "learner [eval term-debug] step=4001 term='time_out' fired on envs=[4, 5, 7]", "file": "base_env.py", "line": "2117", "module": "learner", "process": "base_env", "function": "step", "stack": "", "pid": 438}
{"time": "2026-05-15 07:33:51.627738", "level": "INFO", "message": "learner [eval single-life] 3 env(s) finished first episode (total done: 16/16)", "file": "base_env.py", "line": "2126", "module": "learner", "process": "base_env", "function": "step", "stack": "", "pid": 438}
{"time": "2026-05-15 07:33:51.632065", "level": "INFO", "message": "learner [eval single-life] All 16 envs have completed their first episode at frame 4001", "file": "base_env.py", "line": "2221", "module": "learner", "process": "base_env", "function": "step", "stack": "", "pid": 438}
{"time": "2026-05-15 07:33:51.633987", "level": "INFO", "message": "learner _build_end_info: task_type=track, total_score=0.0, episode_count=16, terrain_groups=4, export_detail_groups=4", "file": "base_env.py", "line": "2441", "module": "learner", "process": "base_env", "function": "_build_end_info", "stack": "", "pid": 438}
{"time": "2026-05-15 07:33:51.636961", "level": "INFO", "message": "learner TiledCamera 视频写入器已关闭: 16 个视频文件", "file": "video_writer.py", "line": "204", "module": "learner", "process": "video_writer", "function": "close", "stack": "", "pid": 438}
{"time": "2026-05-15 07:33:53.347148", "level": "INFO", "message": "learner json_file /workspace/battle/503378_1_1/result/503378_1_1.json create success, done_file /workspace/battle/503378_1_1/503378_1_1.done create success", "file": "base_env.py", "line": "2511", "module": "learner", "process": "base_env", "function": "make_json_and_done_file", "stack": "", "pid": 438}
{"time": "2026-05-15 07:33:53.348832", "level": "INFO", "message": "learner EnvMonitor: 正在关闭，执行最终上报...", "file": "monitor.py", "line": "122", "module": "learner", "process": "monitor", "function": "close", "stack": "", "pid": 438}
{"time": "2026-05-15 07:33:53.351663", "level": "INFO", "message": "learner EnvMonitor [静默][task=track]: completed=0, abnormal=0, timeout=3, total_score=0.0000, step_avg=4000.0", "file": "monitor.py", "line": "182", "module": "learner", "process": "monitor", "function": "_handle_metrics", "stack": "", "pid": 438}
{"time": "2026-05-15 07:33:53.729073", "level": "INFO", "message": "learner SimulationApp shutdown skipped (vGPU workaround), calling os._exit(0)", "file": "base_env.py", "line": "1768", "module": "learner", "process": "base_env", "function": "_shutdown_simulation_app", "stack": "", "pid": 438}
