{"time": "2026-05-16 04:20:09.625982", "level": "INFO", "message": "learner kaiwu_env start at pid 438", "file": "base_env.py", "line": "1135", "module": "learner", "process": "base_env", "function": "__init__", "stack": "", "pid": 438}
{"time": "2026-05-16 04:20:09.633790", "level": "INFO", "message": "learner isaac_env start at pid 438, env is <tools.base_env.base_env.Robot object at 0x7f07a7b55490>", "file": "isaac_env.py", "line": "91", "module": "learner", "process": "isaac_env", "function": "before_run", "stack": "", "pid": 438}
{"time": "2026-05-16 04:20:24.511932", "level": "INFO", "message": "learner SimulationApp started successfully (enable_cameras=True)", "file": "base_env.py", "line": "1227", "module": "learner", "process": "base_env", "function": "_launch_sim_app", "stack": "", "pid": 438}
{"time": "2026-05-16 04:20:24.806884", "level": "INFO", "message": "learner [terrain] Set terrain_type='generator', mode='track'", "file": "base_env.py", "line": "305", "module": "learner", "process": "base_env", "function": "_log", "stack": "", "pid": 438}
{"time": "2026-05-16 04:20:24.807211", "level": "INFO", "message": "learner [terrain] Switched reset_base to reset_root_state_track_start (track mode)", "file": "base_env.py", "line": "305", "module": "learner", "process": "base_env", "function": "_log", "stack": "", "pid": 438}
{"time": "2026-05-16 04:20:24.807378", "level": "INFO", "message": "learner [terrain] Eval mode: set terrain_generator.seed=0", "file": "base_env.py", "line": "305", "module": "learner", "process": "base_env", "function": "_log", "stack": "", "pid": 438}
{"time": "2026-05-16 04:20:24.807529", "level": "INFO", "message": "learner [seed] Eval mode: terrain_seed=0 (stable), env_cfg.seed=759928790 (from RANDOM_SEED, differs per round)", "file": "base_env.py", "line": "305", "module": "learner", "process": "base_env", "function": "_log", "stack": "", "pid": 438}
{"time": "2026-05-16 04:20:24.807671", "level": "INFO", "message": "learner [terrain] Set terrain_generator.difficulty_range=(0.0, 1.0)", "file": "base_env.py", "line": "305", "module": "learner", "process": "base_env", "function": "_log", "stack": "", "pid": 438}
{"time": "2026-05-16 04:20:24.807802", "level": "INFO", "message": "learner [terrain] Set terrain_generator.curriculum=False", "file": "base_env.py", "line": "305", "module": "learner", "process": "base_env", "function": "_log", "stack": "", "pid": 438}
{"time": "2026-05-16 04:20:24.807940", "level": "INFO", "message": "learner [terrain] Disabled curriculum.terrain_levels (curriculum=false)", "file": "base_env.py", "line": "305", "module": "learner", "process": "base_env", "function": "_log", "stack": "", "pid": 438}
{"time": "2026-05-16 04:20:24.808072", "level": "INFO", "message": "learner [terrain] Disabled curriculum.lin_vel_cmd_levels (curriculum=false)", "file": "base_env.py", "line": "305", "module": "learner", "process": "base_env", "function": "_log", "stack": "", "pid": 438}
{"time": "2026-05-16 04:20:24.808201", "level": "INFO", "message": "learner [terrain.track] Set track_length=5 (num_rows=5)", "file": "base_env.py", "line": "305", "module": "learner", "process": "base_env", "function": "_log", "stack": "", "pid": 438}
{"time": "2026-05-16 04:20:24.808319", "level": "INFO", "message": "learner [terrain.track] Set num_parallel_tracks=10 (num_cols=10)", "file": "base_env.py", "line": "305", "module": "learner", "process": "base_env", "function": "_log", "stack": "", "pid": 438}
{"time": "2026-05-16 04:20:24.808435", "level": "INFO", "message": "learner [terrain.track] Set sub_terrains_order=['pyramid_slope', 'pyramid_slope_inv', 'pyramid_stairs', 'pyramid_stairs_inv', 'open_entry_maze'] (from sub_terrains)", "file": "base_env.py", "line": "305", "module": "learner", "process": "base_env", "function": "_log", "stack": "", "pid": 438}
{"time": "2026-05-16 04:20:24.808568", "level": "INFO", "message": "learner [terrain] Eval level list: [0, 1, 3, 4]", "file": "base_env.py", "line": "305", "module": "learner", "process": "base_env", "function": "_log", "stack": "", "pid": 438}
{"time": "2026-05-16 04:20:24.808697", "level": "INFO", "message": "learner [terrain] Forced tg.curriculum=True so Isaac Lab uses curriculum terrain generation (fixed col→sub mapping); level placement stays deterministic via reset_root_state_eval_level_aware", "file": "base_env.py", "line": "305", "module": "learner", "process": "base_env", "function": "_log", "stack": "", "pid": 438}
{"time": "2026-05-16 04:20:24.808823", "level": "INFO", "message": "learner [terrain] Forced curriculum.terrain_levels=None (eval level list)", "file": "base_env.py", "line": "305", "module": "learner", "process": "base_env", "function": "_log", "stack": "", "pid": 438}
{"time": "2026-05-16 04:20:24.808969", "level": "INFO", "message": "learner [terrain] Switched reset_base to reset_root_state_eval_level_aware (eval level list)", "file": "base_env.py", "line": "305", "module": "learner", "process": "base_env", "function": "_log", "stack": "", "pid": 438}
{"time": "2026-05-16 04:20:24.809102", "level": "INFO", "message": "learner [init_state] Set robot init_state.pos=(0.0, 0.0, 0.35)", "file": "base_env.py", "line": "305", "module": "learner", "process": "base_env", "function": "_log", "stack": "", "pid": 438}
{"time": "2026-05-16 04:20:24.809227", "level": "INFO", "message": "learner [commands] Set resampling_time_range=(5.0, 5.0)", "file": "base_env.py", "line": "305", "module": "learner", "process": "base_env", "function": "_log", "stack": "", "pid": 438}
{"time": "2026-05-16 04:21:31.826338", "level": "INFO", "message": "learner EnvMonitor [静默][task=track]: completed=0, abnormal=0, timeout=0, total_score=0.0000, step_avg=0.0", "file": "monitor.py", "line": "182", "module": "learner", "process": "monitor", "function": "_handle_metrics", "stack": "", "pid": 438}
{"time": "2026-05-16 04:21:54.384628", "level": "WARNING", "message": "learner [eval term-debug] step=740 term='bad_orientation' fired on envs=[14]", "file": "base_env.py", "line": "2117", "module": "learner", "process": "base_env", "function": "step", "stack": "", "pid": 438}
{"time": "2026-05-16 04:21:54.385367", "level": "INFO", "message": "learner [eval single-life] 1 env(s) finished first episode (total done: 1/16)", "file": "base_env.py", "line": "2126", "module": "learner", "process": "base_env", "function": "step", "stack": "", "pid": 438}
{"time": "2026-05-16 04:21:57.883892", "level": "WARNING", "message": "learner [eval term-debug] step=767 term='bad_orientation' fired on envs=[1]", "file": "base_env.py", "line": "2117", "module": "learner", "process": "base_env", "function": "step", "stack": "", "pid": 438}
{"time": "2026-05-16 04:21:57.884666", "level": "INFO", "message": "learner [eval single-life] 1 env(s) finished first episode (total done: 2/16)", "file": "base_env.py", "line": "2126", "module": "learner", "process": "base_env", "function": "step", "stack": "", "pid": 438}
{"time": "2026-05-16 04:22:03.466671", "level": "WARNING", "message": "learner [eval term-debug] step=814 term='bad_orientation' fired on envs=[13]", "file": "base_env.py", "line": "2117", "module": "learner", "process": "base_env", "function": "step", "stack": "", "pid": 438}
{"time": "2026-05-16 04:22:03.467221", "level": "INFO", "message": "learner [eval single-life] 1 env(s) finished first episode (total done: 3/16)", "file": "base_env.py", "line": "2126", "module": "learner", "process": "base_env", "function": "step", "stack": "", "pid": 438}
{"time": "2026-05-16 04:22:04.018667", "level": "WARNING", "message": "learner [eval term-debug] step=820 term='bad_orientation' fired on envs=[6]", "file": "base_env.py", "line": "2117", "module": "learner", "process": "base_env", "function": "step", "stack": "", "pid": 438}
{"time": "2026-05-16 04:22:04.019168", "level": "INFO", "message": "learner [eval single-life] 1 env(s) finished first episode (total done: 4/16)", "file": "base_env.py", "line": "2126", "module": "learner", "process": "base_env", "function": "step", "stack": "", "pid": 438}
{"time": "2026-05-16 04:22:09.279046", "level": "WARNING", "message": "learner [eval term-debug] step=867 term='bad_orientation' fired on envs=[11]", "file": "base_env.py", "line": "2117", "module": "learner", "process": "base_env", "function": "step", "stack": "", "pid": 438}
{"time": "2026-05-16 04:22:09.279595", "level": "INFO", "message": "learner [eval single-life] 1 env(s) finished first episode (total done: 5/16)", "file": "base_env.py", "line": "2126", "module": "learner", "process": "base_env", "function": "step", "stack": "", "pid": 438}
{"time": "2026-05-16 04:22:12.718721", "level": "WARNING", "message": "learner [eval term-debug] step=900 term='bad_orientation' fired on envs=[15]", "file": "base_env.py", "line": "2117", "module": "learner", "process": "base_env", "function": "step", "stack": "", "pid": 438}
{"time": "2026-05-16 04:22:12.719277", "level": "INFO", "message": "learner [eval single-life] 1 env(s) finished first episode (total done: 6/16)", "file": "base_env.py", "line": "2126", "module": "learner", "process": "base_env", "function": "step", "stack": "", "pid": 438}
{"time": "2026-05-16 04:22:19.220965", "level": "WARNING", "message": "learner [eval term-debug] step=961 term='bad_orientation' fired on envs=[10]", "file": "base_env.py", "line": "2117", "module": "learner", "process": "base_env", "function": "step", "stack": "", "pid": 438}
{"time": "2026-05-16 04:22:19.221680", "level": "INFO", "message": "learner [eval single-life] 1 env(s) finished first episode (total done: 7/16)", "file": "base_env.py", "line": "2126", "module": "learner", "process": "base_env", "function": "step", "stack": "", "pid": 438}
{"time": "2026-05-16 04:22:25.798671", "level": "WARNING", "message": "learner [eval term-debug] step=1022 term='bad_orientation' fired on envs=[4]", "file": "base_env.py", "line": "2117", "module": "learner", "process": "base_env", "function": "step", "stack": "", "pid": 438}
{"time": "2026-05-16 04:22:25.799414", "level": "INFO", "message": "learner [eval single-life] 1 env(s) finished first episode (total done: 8/16)", "file": "base_env.py", "line": "2126", "module": "learner", "process": "base_env", "function": "step", "stack": "", "pid": 438}
{"time": "2026-05-16 04:22:31.941667", "level": "INFO", "message": "learner EnvMonitor [静默][task=track]: completed=0, abnormal=8, timeout=0, total_score=0.0000, step_avg=860.0", "file": "monitor.py", "line": "182", "module": "learner", "process": "monitor", "function": "_handle_metrics", "stack": "", "pid": 438}
{"time": "2026-05-16 04:22:39.378136", "level": "WARNING", "message": "learner [eval term-debug] step=1148 term='bad_orientation' fired on envs=[7]", "file": "base_env.py", "line": "2117", "module": "learner", "process": "base_env", "function": "step", "stack": "", "pid": 438}
{"time": "2026-05-16 04:22:39.378639", "level": "INFO", "message": "learner [eval single-life] 1 env(s) finished first episode (total done: 9/16)", "file": "base_env.py", "line": "2126", "module": "learner", "process": "base_env", "function": "step", "stack": "", "pid": 438}
{"time": "2026-05-16 04:23:31.953618", "level": "INFO", "message": "learner EnvMonitor [静默][task=track]: completed=0, abnormal=1, timeout=0, total_score=0.0000, step_avg=1147.0", "file": "monitor.py", "line": "182", "module": "learner", "process": "monitor", "function": "_handle_metrics", "stack": "", "pid": 438}
{"time": "2026-05-16 04:24:31.958437", "level": "INFO", "message": "learner EnvMonitor [静默][task=track]: completed=0, abnormal=0, timeout=0, total_score=0.0000, step_avg=0.0", "file": "monitor.py", "line": "182", "module": "learner", "process": "monitor", "function": "_handle_metrics", "stack": "", "pid": 438}
{"time": "2026-05-16 04:25:31.994173", "level": "INFO", "message": "learner EnvMonitor [静默][task=track]: completed=0, abnormal=0, timeout=0, total_score=0.0000, step_avg=0.0", "file": "monitor.py", "line": "182", "module": "learner", "process": "monitor", "function": "_handle_metrics", "stack": "", "pid": 438}
{"time": "2026-05-16 04:26:32.006553", "level": "INFO", "message": "learner EnvMonitor [静默][task=track]: completed=0, abnormal=0, timeout=0, total_score=0.0000, step_avg=0.0", "file": "monitor.py", "line": "182", "module": "learner", "process": "monitor", "function": "_handle_metrics", "stack": "", "pid": 438}
{"time": "2026-05-16 04:27:32.052799", "level": "INFO", "message": "learner EnvMonitor [静默][task=track]: completed=0, abnormal=0, timeout=0, total_score=0.0000, step_avg=0.0", "file": "monitor.py", "line": "182", "module": "learner", "process": "monitor", "function": "_handle_metrics", "stack": "", "pid": 438}
{"time": "2026-05-16 04:28:32.135365", "level": "INFO", "message": "learner EnvMonitor [静默][task=track]: completed=0, abnormal=0, timeout=0, total_score=0.0000, step_avg=0.0", "file": "monitor.py", "line": "182", "module": "learner", "process": "monitor", "function": "_handle_metrics", "stack": "", "pid": 438}
{"time": "2026-05-16 04:29:32.189449", "level": "INFO", "message": "learner EnvMonitor [静默][task=track]: completed=0, abnormal=0, timeout=0, total_score=0.0000, step_avg=0.0", "file": "monitor.py", "line": "182", "module": "learner", "process": "monitor", "function": "_handle_metrics", "stack": "", "pid": 438}
{"time": "2026-05-16 04:30:32.240001", "level": "INFO", "message": "learner EnvMonitor [静默][task=track]: completed=0, abnormal=0, timeout=0, total_score=0.0000, step_avg=0.0", "file": "monitor.py", "line": "182", "module": "learner", "process": "monitor", "function": "_handle_metrics", "stack": "", "pid": 438}
{"time": "2026-05-16 04:31:18.456777", "level": "WARNING", "message": "learner [eval term-debug] step=6001 term='time_out' fired on envs=[0, 2, 3, 5, 8, 9, 12]", "file": "base_env.py", "line": "2117", "module": "learner", "process": "base_env", "function": "step", "stack": "", "pid": 438}
{"time": "2026-05-16 04:31:18.457401", "level": "INFO", "message": "learner [eval single-life] 7 env(s) finished first episode (total done: 16/16)", "file": "base_env.py", "line": "2126", "module": "learner", "process": "base_env", "function": "step", "stack": "", "pid": 438}
{"time": "2026-05-16 04:31:18.462699", "level": "INFO", "message": "learner [eval single-life] All 16 envs have completed their first episode at frame 6001", "file": "base_env.py", "line": "2221", "module": "learner", "process": "base_env", "function": "step", "stack": "", "pid": 438}
{"time": "2026-05-16 04:31:18.464796", "level": "INFO", "message": "learner _build_end_info: task_type=track, total_score=0.0, episode_count=16, terrain_groups=4, export_detail_groups=4", "file": "base_env.py", "line": "2441", "module": "learner", "process": "base_env", "function": "_build_end_info", "stack": "", "pid": 438}
{"time": "2026-05-16 04:31:18.468447", "level": "INFO", "message": "learner TiledCamera 视频写入器已关闭: 16 个视频文件", "file": "video_writer.py", "line": "204", "module": "learner", "process": "video_writer", "function": "close", "stack": "", "pid": 438}
{"time": "2026-05-16 04:31:22.541510", "level": "INFO", "message": "learner json_file /workspace/battle/504599_2_1/result/504599_2_1.json create success, done_file /workspace/battle/504599_2_1/504599_2_1.done create success", "file": "base_env.py", "line": "2511", "module": "learner", "process": "base_env", "function": "make_json_and_done_file", "stack": "", "pid": 438}
{"time": "2026-05-16 04:31:22.543122", "level": "INFO", "message": "learner EnvMonitor: 正在关闭，执行最终上报...", "file": "monitor.py", "line": "122", "module": "learner", "process": "monitor", "function": "close", "stack": "", "pid": 438}
{"time": "2026-05-16 04:31:22.546228", "level": "INFO", "message": "learner EnvMonitor [静默][task=track]: completed=0, abnormal=0, timeout=7, total_score=0.0000, step_avg=6000.0", "file": "monitor.py", "line": "182", "module": "learner", "process": "monitor", "function": "_handle_metrics", "stack": "", "pid": 438}
{"time": "2026-05-16 04:31:22.916594", "level": "INFO", "message": "learner SimulationApp shutdown skipped (vGPU workaround), calling os._exit(0)", "file": "base_env.py", "line": "1768", "module": "learner", "process": "base_env", "function": "_shutdown_simulation_app", "stack": "", "pid": 438}
