{"time": "2026-05-15 04:53:36.413034", "level": "INFO", "message": "learner kaiwu_env start at pid 438", "file": "base_env.py", "line": "1135", "module": "learner", "process": "base_env", "function": "__init__", "stack": "", "pid": 438}
{"time": "2026-05-15 04:53:36.420287", "level": "INFO", "message": "learner isaac_env start at pid 438, env is <tools.base_env.base_env.Robot object at 0x7f40d7640a10>", "file": "isaac_env.py", "line": "91", "module": "learner", "process": "isaac_env", "function": "before_run", "stack": "", "pid": 438}
{"time": "2026-05-15 04:53:50.320852", "level": "INFO", "message": "learner SimulationApp started successfully (enable_cameras=True)", "file": "base_env.py", "line": "1227", "module": "learner", "process": "base_env", "function": "_launch_sim_app", "stack": "", "pid": 438}
{"time": "2026-05-15 04:53:50.616142", "level": "INFO", "message": "learner [terrain] Set terrain_type='generator', mode='track'", "file": "base_env.py", "line": "305", "module": "learner", "process": "base_env", "function": "_log", "stack": "", "pid": 438}
{"time": "2026-05-15 04:53:50.616436", "level": "INFO", "message": "learner [terrain] Switched reset_base to reset_root_state_track_start (track mode)", "file": "base_env.py", "line": "305", "module": "learner", "process": "base_env", "function": "_log", "stack": "", "pid": 438}
{"time": "2026-05-15 04:53:50.616588", "level": "INFO", "message": "learner [terrain] Eval mode: set terrain_generator.seed=0", "file": "base_env.py", "line": "305", "module": "learner", "process": "base_env", "function": "_log", "stack": "", "pid": 438}
{"time": "2026-05-15 04:53:50.616735", "level": "INFO", "message": "learner [seed] Eval mode: terrain_seed=0 (stable), env_cfg.seed=675535543 (from RANDOM_SEED, differs per round)", "file": "base_env.py", "line": "305", "module": "learner", "process": "base_env", "function": "_log", "stack": "", "pid": 438}
{"time": "2026-05-15 04:53:50.616889", "level": "INFO", "message": "learner [terrain] Set terrain_generator.difficulty_range=(0.0, 1.0)", "file": "base_env.py", "line": "305", "module": "learner", "process": "base_env", "function": "_log", "stack": "", "pid": 438}
{"time": "2026-05-15 04:53:50.617030", "level": "INFO", "message": "learner [terrain] Set terrain_generator.curriculum=False", "file": "base_env.py", "line": "305", "module": "learner", "process": "base_env", "function": "_log", "stack": "", "pid": 438}
{"time": "2026-05-15 04:53:50.617153", "level": "INFO", "message": "learner [terrain] Disabled curriculum.terrain_levels (curriculum=false)", "file": "base_env.py", "line": "305", "module": "learner", "process": "base_env", "function": "_log", "stack": "", "pid": 438}
{"time": "2026-05-15 04:53:50.617269", "level": "INFO", "message": "learner [terrain] Disabled curriculum.lin_vel_cmd_levels (curriculum=false)", "file": "base_env.py", "line": "305", "module": "learner", "process": "base_env", "function": "_log", "stack": "", "pid": 438}
{"time": "2026-05-15 04:53:50.617394", "level": "INFO", "message": "learner [terrain.track] Set track_length=1 (num_rows=1)", "file": "base_env.py", "line": "305", "module": "learner", "process": "base_env", "function": "_log", "stack": "", "pid": 438}
{"time": "2026-05-15 04:53:50.617511", "level": "INFO", "message": "learner [terrain.track] Set num_parallel_tracks=10 (num_cols=10)", "file": "base_env.py", "line": "305", "module": "learner", "process": "base_env", "function": "_log", "stack": "", "pid": 438}
{"time": "2026-05-15 04:53:50.617624", "level": "INFO", "message": "learner [terrain.track] Set sub_terrains_order=['open_entry_maze'] (from sub_terrains)", "file": "base_env.py", "line": "305", "module": "learner", "process": "base_env", "function": "_log", "stack": "", "pid": 438}
{"time": "2026-05-15 04:53:50.617758", "level": "INFO", "message": "learner [terrain] Eval level list: [0, 1, 3, 4]", "file": "base_env.py", "line": "305", "module": "learner", "process": "base_env", "function": "_log", "stack": "", "pid": 438}
{"time": "2026-05-15 04:53:50.617891", "level": "INFO", "message": "learner [terrain] Forced tg.curriculum=True so Isaac Lab uses curriculum terrain generation (fixed col→sub mapping); level placement stays deterministic via reset_root_state_eval_level_aware", "file": "base_env.py", "line": "305", "module": "learner", "process": "base_env", "function": "_log", "stack": "", "pid": 438}
{"time": "2026-05-15 04:53:50.618033", "level": "INFO", "message": "learner [terrain] Forced curriculum.terrain_levels=None (eval level list)", "file": "base_env.py", "line": "305", "module": "learner", "process": "base_env", "function": "_log", "stack": "", "pid": 438}
{"time": "2026-05-15 04:53:50.618154", "level": "INFO", "message": "learner [terrain] Switched reset_base to reset_root_state_eval_level_aware (eval level list)", "file": "base_env.py", "line": "305", "module": "learner", "process": "base_env", "function": "_log", "stack": "", "pid": 438}
{"time": "2026-05-15 04:53:50.618278", "level": "INFO", "message": "learner [init_state] Set robot init_state.pos=(0.0, 0.0, 0.35)", "file": "base_env.py", "line": "305", "module": "learner", "process": "base_env", "function": "_log", "stack": "", "pid": 438}
{"time": "2026-05-15 04:53:50.618404", "level": "INFO", "message": "learner [commands] Set resampling_time_range=(5.0, 5.0)", "file": "base_env.py", "line": "305", "module": "learner", "process": "base_env", "function": "_log", "stack": "", "pid": 438}
{"time": "2026-05-15 04:54:05.119422", "level": "WARNING", "message": "learner [eval term-debug] step=105 term='bad_orientation' fired on envs=[10]", "file": "base_env.py", "line": "2117", "module": "learner", "process": "base_env", "function": "step", "stack": "", "pid": 438}
{"time": "2026-05-15 04:54:09.616613", "level": "WARNING", "message": "learner [eval term-debug] step=159 term='bad_orientation' fired on envs=[8]", "file": "base_env.py", "line": "2117", "module": "learner", "process": "base_env", "function": "step", "stack": "", "pid": 438}
{"time": "2026-05-15 04:54:25.777321", "level": "WARNING", "message": "learner [eval term-debug] step=370 term='base_contact' fired on envs=[2]", "file": "base_env.py", "line": "2117", "module": "learner", "process": "base_env", "function": "step", "stack": "", "pid": 438}
{"time": "2026-05-15 04:54:29.084644", "level": "WARNING", "message": "learner [eval term-debug] step=414 term='bad_orientation' fired on envs=[5]", "file": "base_env.py", "line": "2117", "module": "learner", "process": "base_env", "function": "step", "stack": "", "pid": 438}
{"time": "2026-05-15 04:54:48.382415", "level": "WARNING", "message": "learner [eval term-debug] step=672 term='bad_orientation' fired on envs=[1]", "file": "base_env.py", "line": "2117", "module": "learner", "process": "base_env", "function": "step", "stack": "", "pid": 438}
{"time": "2026-05-15 04:54:48.383070", "level": "INFO", "message": "learner [eval single-life] 1 env(s) finished first episode (total done: 5/16)", "file": "base_env.py", "line": "2126", "module": "learner", "process": "base_env", "function": "step", "stack": "", "pid": 438}
{"time": "2026-05-15 04:54:56.124904", "level": "INFO", "message": "learner EnvMonitor [静默][task=track]: completed=0, abnormal=5, timeout=0, total_score=0.0000, step_avg=343.0", "file": "monitor.py", "line": "182", "module": "learner", "process": "monitor", "function": "_handle_metrics", "stack": "", "pid": 438}
{"time": "2026-05-15 04:55:05.254360", "level": "WARNING", "message": "learner [eval term-debug] step=899 term='bad_orientation' fired on envs=[14]", "file": "base_env.py", "line": "2117", "module": "learner", "process": "base_env", "function": "step", "stack": "", "pid": 438}
{"time": "2026-05-15 04:55:05.254844", "level": "INFO", "message": "learner [eval single-life] 1 env(s) finished first episode (total done: 6/16)", "file": "base_env.py", "line": "2126", "module": "learner", "process": "base_env", "function": "step", "stack": "", "pid": 438}
{"time": "2026-05-15 04:55:15.116398", "level": "WARNING", "message": "learner [eval term-debug] step=1037 term='bad_orientation' fired on envs=[0]", "file": "base_env.py", "line": "2117", "module": "learner", "process": "base_env", "function": "step", "stack": "", "pid": 438}
{"time": "2026-05-15 04:55:15.116923", "level": "INFO", "message": "learner [eval single-life] 1 env(s) finished first episode (total done: 7/16)", "file": "base_env.py", "line": "2126", "module": "learner", "process": "base_env", "function": "step", "stack": "", "pid": 438}
{"time": "2026-05-15 04:55:24.170009", "level": "WARNING", "message": "learner [eval term-debug] step=1166 term='bad_orientation' fired on envs=[12]", "file": "base_env.py", "line": "2117", "module": "learner", "process": "base_env", "function": "step", "stack": "", "pid": 438}
{"time": "2026-05-15 04:55:24.170590", "level": "INFO", "message": "learner [eval single-life] 1 env(s) finished first episode (total done: 8/16)", "file": "base_env.py", "line": "2126", "module": "learner", "process": "base_env", "function": "step", "stack": "", "pid": 438}
{"time": "2026-05-15 04:55:24.665756", "level": "WARNING", "message": "learner [eval term-debug] step=1173 term='base_contact' fired on envs=[3]", "file": "base_env.py", "line": "2117", "module": "learner", "process": "base_env", "function": "step", "stack": "", "pid": 438}
{"time": "2026-05-15 04:55:24.666298", "level": "INFO", "message": "learner [eval single-life] 1 env(s) finished first episode (total done: 9/16)", "file": "base_env.py", "line": "2126", "module": "learner", "process": "base_env", "function": "step", "stack": "", "pid": 438}
{"time": "2026-05-15 04:55:56.132097", "level": "INFO", "message": "learner EnvMonitor [静默][task=track]: completed=0, abnormal=4, timeout=0, total_score=0.0000, step_avg=1068.0", "file": "monitor.py", "line": "182", "module": "learner", "process": "monitor", "function": "_handle_metrics", "stack": "", "pid": 438}
{"time": "2026-05-15 04:56:08.927222", "level": "WARNING", "message": "learner [eval term-debug] step=1828 term='bad_orientation' fired on envs=[15]", "file": "base_env.py", "line": "2117", "module": "learner", "process": "base_env", "function": "step", "stack": "", "pid": 438}
{"time": "2026-05-15 04:56:08.927726", "level": "INFO", "message": "learner [eval single-life] 1 env(s) finished first episode (total done: 10/16)", "file": "base_env.py", "line": "2126", "module": "learner", "process": "base_env", "function": "step", "stack": "", "pid": 438}
{"time": "2026-05-15 04:56:51.049410", "level": "WARNING", "message": "learner [eval term-debug] step=2471 term='bad_orientation' fired on envs=[7]", "file": "base_env.py", "line": "2117", "module": "learner", "process": "base_env", "function": "step", "stack": "", "pid": 438}
{"time": "2026-05-15 04:56:51.049991", "level": "INFO", "message": "learner [eval single-life] 1 env(s) finished first episode (total done: 11/16)", "file": "base_env.py", "line": "2126", "module": "learner", "process": "base_env", "function": "step", "stack": "", "pid": 438}
{"time": "2026-05-15 04:56:56.163916", "level": "INFO", "message": "learner EnvMonitor [静默][task=track]: completed=0, abnormal=2, timeout=0, total_score=0.0000, step_avg=2148.0", "file": "monitor.py", "line": "182", "module": "learner", "process": "monitor", "function": "_handle_metrics", "stack": "", "pid": 438}
{"time": "2026-05-15 04:57:10.761029", "level": "WARNING", "message": "learner [eval term-debug] step=2776 term='bad_orientation' fired on envs=[4]", "file": "base_env.py", "line": "2117", "module": "learner", "process": "base_env", "function": "step", "stack": "", "pid": 438}
{"time": "2026-05-15 04:57:10.762007", "level": "INFO", "message": "learner [eval single-life] 1 env(s) finished first episode (total done: 12/16)", "file": "base_env.py", "line": "2126", "module": "learner", "process": "base_env", "function": "step", "stack": "", "pid": 438}
{"time": "2026-05-15 04:57:33.519606", "level": "WARNING", "message": "learner [eval term-debug] step=3132 term='bad_orientation' fired on envs=[6]", "file": "base_env.py", "line": "2117", "module": "learner", "process": "base_env", "function": "step", "stack": "", "pid": 438}
{"time": "2026-05-15 04:57:33.520148", "level": "INFO", "message": "learner [eval single-life] 1 env(s) finished first episode (total done: 13/16)", "file": "base_env.py", "line": "2126", "module": "learner", "process": "base_env", "function": "step", "stack": "", "pid": 438}
{"time": "2026-05-15 04:57:56.223279", "level": "INFO", "message": "learner EnvMonitor [静默][task=track]: completed=0, abnormal=2, timeout=0, total_score=0.0000, step_avg=2953.0", "file": "monitor.py", "line": "182", "module": "learner", "process": "monitor", "function": "_handle_metrics", "stack": "", "pid": 438}
{"time": "2026-05-15 04:58:27.286912", "level": "WARNING", "message": "learner [eval term-debug] step=4001 term='time_out' fired on envs=[9, 11, 13]", "file": "base_env.py", "line": "2117", "module": "learner", "process": "base_env", "function": "step", "stack": "", "pid": 438}
{"time": "2026-05-15 04:58:27.287510", "level": "INFO", "message": "learner [eval single-life] 3 env(s) finished first episode (total done: 16/16)", "file": "base_env.py", "line": "2126", "module": "learner", "process": "base_env", "function": "step", "stack": "", "pid": 438}
{"time": "2026-05-15 04:58:27.291916", "level": "INFO", "message": "learner [eval single-life] All 16 envs have completed their first episode at frame 4001", "file": "base_env.py", "line": "2221", "module": "learner", "process": "base_env", "function": "step", "stack": "", "pid": 438}
{"time": "2026-05-15 04:58:27.293855", "level": "INFO", "message": "learner _build_end_info: task_type=track, total_score=0.0, episode_count=16, terrain_groups=4, export_detail_groups=4", "file": "base_env.py", "line": "2441", "module": "learner", "process": "base_env", "function": "_build_end_info", "stack": "", "pid": 438}
{"time": "2026-05-15 04:58:27.296847", "level": "INFO", "message": "learner TiledCamera 视频写入器已关闭: 16 个视频文件", "file": "video_writer.py", "line": "204", "module": "learner", "process": "video_writer", "function": "close", "stack": "", "pid": 438}
{"time": "2026-05-15 04:58:30.206517", "level": "INFO", "message": "learner json_file /workspace/battle/503349_1_1/result/503349_1_1.json create success, done_file /workspace/battle/503349_1_1/503349_1_1.done create success", "file": "base_env.py", "line": "2511", "module": "learner", "process": "base_env", "function": "make_json_and_done_file", "stack": "", "pid": 438}
{"time": "2026-05-15 04:58:30.208232", "level": "INFO", "message": "learner EnvMonitor: 正在关闭，执行最终上报...", "file": "monitor.py", "line": "122", "module": "learner", "process": "monitor", "function": "close", "stack": "", "pid": 438}
{"time": "2026-05-15 04:58:30.211068", "level": "INFO", "message": "learner EnvMonitor [静默][task=track]: completed=0, abnormal=0, timeout=3, total_score=0.0000, step_avg=4000.0", "file": "monitor.py", "line": "182", "module": "learner", "process": "monitor", "function": "_handle_metrics", "stack": "", "pid": 438}
{"time": "2026-05-15 04:58:30.614729", "level": "INFO", "message": "learner SimulationApp shutdown skipped (vGPU workaround), calling os._exit(0)", "file": "base_env.py", "line": "1768", "module": "learner", "process": "base_env", "function": "_shutdown_simulation_app", "stack": "", "pid": 438}
